MPLINK 4.48, Linker
Linker Map File - Created Wed May 20 19:56:49 2015

                                 Section Info
                  Section       Type    Address   Location Size(Bytes)
                ---------  ---------  ---------  ---------  ---------
               _entry_scn       code   0x000000    program   0x000006
           .code___init.o       code   0x000006    program   0x000002
              high_vector       code   0x000008    program   0x000020
                   .cinit    romdata   0x000028    program   0x0000aa
         .code_math_fun.o       code   0x0000d2    program   0x000bc4
       .code_rtc_driver.o       code   0x000c96    program   0x000934
              .code_app.o       code   0x0015ca    program   0x000810
               .code_UI.o       code   0x001dda    program   0x000712
             .code_uart.o       code   0x0024ec    program   0x000572
    .code_communication.o       code   0x002a5e    program   0x0004a4
              .code_lcd.o       code   0x002f02    program   0x000454
            .code_timer.o       code   0x003356    program   0x0003a8
     .code_linearkeypad.o       code   0x0036fe    program   0x00028e
           .code_keypad.o       code   0x00398c    program   0x00026e
       .code_i2c_driver.o       code   0x003bfa    program   0x000246
            .code_board.o       code   0x003e40    program   0x000182
             .code_main.o       code   0x003fc2    program   0x00010c
                     PROG       code   0x0040ce    program   0x0000ce
                      ISR       code   0x00419c    program   0x0000ca
           .romdata_app.o    romdata   0x004266    program   0x0000b0
               _cinit_scn       code   0x004316    program   0x00009e
             .stringtable    romdata   0x0043b4    program   0x00009a
           .code_u2open.o       code   0x00444e    program   0x000078
                   STRING       code   0x0044c6    program   0x000074
           .code_u1open.o       code   0x00453a    program   0x000072
          .code_fxm3232.o       code   0x0045ac    program   0x000070
           .code_t1open.o       code   0x00461c    program   0x000054
         .code_fxd3232u.o       code   0x004670    program   0x000048
           .code_u2read.o       code   0x0046b8    program   0x00003e
           .code_u1read.o       code   0x0046f6    program   0x00003e
          .code_t1write.o       code   0x004734    program   0x000038
          .code_t0write.o       code   0x00476c    program   0x000038
           .code_t0open.o       code   0x0047a4    program   0x000038
         .code_fxd1616u.o       code   0x0047dc    program   0x00002c
              D1KTCYXCODE       code   0x004808    program   0x000020
                    .code       code   0x004828    program   0x000020
             _startup_scn       code   0x004848    program   0x00001c
         .code_fxd0808u.o       code   0x004864    program   0x00001c
        .code_heartBeat.o       code   0x004880    program   0x00001a
              D10TCYXCODE       code   0x00489a    program   0x000016
           .romdata_lcd.o    romdata   0x0048b0    program   0x000011
            .romdata_UI.o    romdata   0x0048c1    program   0x000010
                UI_DATA_i    romdata   0x0048d1    program   0x000017
              UART_DATA_i    romdata   0x0048e8    program   0x00007e
               LKP_DATA_i    romdata   0x004966    program   0x000003
               LCD_DATA_i    romdata   0x004969    program   0x000022
            KEYPAD_DATA_i    romdata   0x00498b    program   0x000049
               COM_DATA_i    romdata   0x0049d4    program   0x00008c
               APP_DATA_i    romdata   0x004a60    program   0x00005c
        .romdata_u2read.o    romdata   0x004abc    program   0x000000
          .idata_uart.o_i    romdata   0x004abc    program   0x000000
          .romdata_uart.o    romdata   0x004abc    program   0x000000
  .romdata_linearkeypad.o    romdata   0x004abc    program   0x000000
      .romdata_fxd0808u.o    romdata   0x004abc    program   0x000000
    .romdata_i2c_driver.o    romdata   0x004abc    program   0x000000
        .romdata_t1open.o    romdata   0x004abc    program   0x000000
      .romdata_fxd1616u.o    romdata   0x004abc    program   0x000000
      .romdata_fxd3232u.o    romdata   0x004abc    program   0x000000
        .idata_u2read.o_i    romdata   0x004abc    program   0x000000
       .romdata_fxm3232.o    romdata   0x004abc    program   0x000000
        .romdata_keypad.o    romdata   0x004abc    program   0x000000
        .idata_u1open.o_i    romdata   0x004abc    program   0x000000
        .romdata_u1open.o    romdata   0x004abc    program   0x000000
        .idata_u2open.o_i    romdata   0x004abc    program   0x000000
        .romdata_u2open.o    romdata   0x004abc    program   0x000000
.romdata_interruptvector.o    romdata   0x004abc    program   0x000000
        .romdata_t0open.o    romdata   0x004abc    program   0x000000
       .romdata_t1write.o    romdata   0x004abc    program   0x000000
        .romdata___init.o    romdata   0x004abc    program   0x000000
       .romdata_t0write.o    romdata   0x004abc    program   0x000000
        .romdata_u2defs.o    romdata   0x004abc    program   0x000000
        .idata_u2defs.o_i    romdata   0x004abc    program   0x000000
      .romdata_math_fun.o    romdata   0x004abc    program   0x000000
     .romdata_heartBeat.o    romdata   0x004abc    program   0x000000
    .romdata_rtc_driver.o    romdata   0x004abc    program   0x000000
         .idata_timer.o_i    romdata   0x004abc    program   0x00001e
         .romdata_timer.o    romdata   0x004abc    program   0x000000
        .romdata_u1defs.o    romdata   0x004abc    program   0x000000
 .romdata_communication.o    romdata   0x004abc    program   0x000000
        .idata_u1defs.o_i    romdata   0x004abc    program   0x000000
         .romdata_c018i.o    romdata   0x004abc    program   0x000000
        .idata_u1read.o_i    romdata   0x004abc    program   0x000000
        .romdata_config.o    romdata   0x004abc    program   0x000000
         .romdata_board.o    romdata   0x004abc    program   0x000000
          .romdata_main.o    romdata   0x004abc    program   0x000000
        .romdata_u1read.o    romdata   0x004abc    program   0x000000
        .idata_t0open.o_i    romdata   0x004ada    program   0x000000
       .idata_t1write.o_i    romdata   0x004ada    program   0x000000
        .idata_t1open.o_i    romdata   0x004ada    program   0x000000
    .idata_rtc_driver.o_i    romdata   0x004ada    program   0x000028
       .idata_t0write.o_i    romdata   0x004ada    program   0x000000
        .idata_keypad.o_i    romdata   0x004b02    program   0x000000
      .idata_math_fun.o_i    romdata   0x004b02    program   0x000000
.idata_interruptvector.o_i    romdata   0x004b02    program   0x000000
          .idata_main.o_i    romdata   0x004b02    program   0x000000
           .idata_lcd.o_i    romdata   0x004b02    program   0x000000
     .idata_heartBeat.o_i    romdata   0x004b02    program   0x000001
    .idata_i2c_driver.o_i    romdata   0x004b02    program   0x000000
  .idata_linearkeypad.o_i    romdata   0x004b02    program   0x000000
       .idata_fxm3232.o_i    romdata   0x004b03    program   0x000000
      .idata_fxd3232u.o_i    romdata   0x004b03    program   0x000000
      .idata_fxd1616u.o_i    romdata   0x004b03    program   0x000000
      .idata_fxd0808u.o_i    romdata   0x004b03    program   0x000000
 .idata_communication.o_i    romdata   0x004b03    program   0x000002
        .idata_config.o_i    romdata   0x004b03    program   0x000000
         .idata_c018i.o_i    romdata   0x004b05    program   0x000000
         .idata_board.o_i    romdata   0x004b05    program   0x000002
           .idata_app.o_i    romdata   0x004b07    program   0x00001a
            .idata_UI.o_i    romdata   0x004b21    program   0x00000a
        .idata___init.o_i    romdata   0x004b21    program   0x000000
  .code_interruptvector.o       code   0x004b2c    program   0x000000
           .code_u2defs.o       code   0x004b2c    program   0x000000
           .code_u1defs.o       code   0x004b2c    program   0x000000
           .code_config.o       code   0x004b2c    program   0x000000
            .code_c018i.o       code   0x004b2c    program   0x000000
    .config_300001_main.o    romdata   0x300001    program   0x000001
    .config_300002_main.o    romdata   0x300002    program   0x000001
    .config_300003_main.o    romdata   0x300003    program   0x000001
    .config_300005_main.o    romdata   0x300005    program   0x000001
    .config_300006_main.o    romdata   0x300006    program   0x000001
    .config_300008_main.o    romdata   0x300008    program   0x000001
    .config_300009_main.o    romdata   0x300009    program   0x000001
    .config_30000a_main.o    romdata   0x30000a    program   0x000001
    .config_30000b_main.o    romdata   0x30000b    program   0x000001
    .config_30000c_main.o    romdata   0x30000c    program   0x000001
    .config_30000d_main.o    romdata   0x30000d    program   0x000001
                MATH_DATA      udata   0x000000       data   0x000014
                 .tmpdata      udata   0x000014       data   0x00000f
                DELAYDAT1      udata   0x000023       data   0x000001
                   .stack      udata   0x000060       data   0x0000a0
                 APP_DATA      idata   0x000100       data   0x00005c
                UART_DATA      idata   0x000b00       data   0x00007e
                  UI_DATA      idata   0x000d00       data   0x000017
              KEYPAD_DATA      idata   0x000d17       data   0x000049
                 COM_DATA      idata   0x000d60       data   0x00008c
           .udata_c018i.o      udata   0x000dec       data   0x00000a
              .idata_UI.o      idata   0x000df6       data   0x00000a
                 LCD_DATA      idata   0x000e00       data   0x000022
           .idata_timer.o      idata   0x000e22       data   0x00001e
             .idata_app.o      idata   0x000e40       data   0x00001a
                 LKP_DATA      idata   0x000e5a       data   0x000003
   .idata_communication.o      idata   0x000e5d       data   0x000002
           .idata_board.o      idata   0x000e5f       data   0x000002
          .udata_u2defs.o      udata   0x000e61       data   0x000001
          .udata_u1defs.o      udata   0x000e62       data   0x000001
           .udata_board.o      udata   0x000e63       data   0x000001
       .idata_heartBeat.o      idata   0x000e64       data   0x000001
        .idata_fxd1616u.o      idata   0x000e65       data   0x000000
        .udata_fxd3232u.o      udata   0x000e65       data   0x000000
        .idata_fxd3232u.o      idata   0x000e65       data   0x000000
         .udata_fxm3232.o      udata   0x000e65       data   0x000000
         .idata_fxm3232.o      idata   0x000e65       data   0x000000
          .udata_u1open.o      udata   0x000e65       data   0x000000
          .idata_u1open.o      idata   0x000e65       data   0x000000
          .udata_u2open.o      udata   0x000e65       data   0x000000
          .idata_u2open.o      idata   0x000e65       data   0x000000
          .udata_t0open.o      udata   0x000e65       data   0x000000
          .idata_t0open.o      idata   0x000e65       data   0x000000
          .udata_t1open.o      udata   0x000e65       data   0x000000
          .idata_t1open.o      idata   0x000e65       data   0x000000
          .udata_u1read.o      udata   0x000e65       data   0x000000
          .idata_u1read.o      idata   0x000e65       data   0x000000
          .udata_u2read.o      udata   0x000e65       data   0x000000
          .idata_u2read.o      idata   0x000e65       data   0x000000
          .idata_config.o      idata   0x000e65       data   0x000000
          .idata_u1defs.o      idata   0x000e65       data   0x000000
          .udata_config.o      udata   0x000e65       data   0x000000
          .idata_u2defs.o      idata   0x000e65       data   0x000000
         .udata_t0write.o      udata   0x000e65       data   0x000000
         .idata_t0write.o      idata   0x000e65       data   0x000000
         .udata_t1write.o      udata   0x000e65       data   0x000000
         .idata_t1write.o      idata   0x000e65       data   0x000000
          .udata___init.o      udata   0x000e65       data   0x000000
          .idata___init.o      idata   0x000e65       data   0x000000
             .idata_lcd.o      idata   0x000e65       data   0x000000
    .udata_linearkeypad.o      udata   0x000e65       data   0x000000
    .idata_linearkeypad.o      idata   0x000e65       data   0x000000
             .udata_lcd.o      udata   0x000e65       data   0x000000
            .udata_main.o      udata   0x000e65       data   0x000000
            .idata_main.o      idata   0x000e65       data   0x000000
        .udata_math_fun.o      udata   0x000e65       data   0x000000
        .idata_math_fun.o      idata   0x000e65       data   0x000000
           .udata_timer.o      udata   0x000e65       data   0x000000
          .idata_keypad.o      idata   0x000e65       data   0x000000
              .udata_UI.o      udata   0x000e65       data   0x000000
          .udata_keypad.o      udata   0x000e65       data   0x000000
 .idata_interruptvector.o      idata   0x000e65       data   0x000000
             .udata_app.o      udata   0x000e65       data   0x000000
 .udata_interruptvector.o      udata   0x000e65       data   0x000000
      .idata_i2c_driver.o      idata   0x000e65       data   0x000000
   .udata_communication.o      udata   0x000e65       data   0x000000
      .udata_i2c_driver.o      udata   0x000e65       data   0x000000
            .udata_uart.o      udata   0x000e65       data   0x000000
            .idata_uart.o      idata   0x000e65       data   0x000000
       .udata_heartBeat.o      udata   0x000e65       data   0x000000
           .idata_c018i.o      idata   0x000e65       data   0x000000
        .udata_fxd0808u.o      udata   0x000e65       data   0x000000
        .idata_fxd0808u.o      idata   0x000e65       data   0x000000
        .udata_fxd1616u.o      udata   0x000e65       data   0x000000
      .idata_rtc_driver.o      idata   0x000f00       data   0x000028
      .udata_rtc_driver.o      udata   0x000f28       data   0x000010
              SFR_BANKED0      udata   0x000f38       data   0x000028
            SFR_UNBANKED0      udata   0x000f60       data   0x0000a0



                              Program Memory Usage 
                               Start         End      
                           ---------   ---------      
                            0x000000    0x004b2a      
                            0x300001    0x300003      
                            0x300005    0x300006      
                            0x300008    0x30000d      
            19254 out of 29720 program addresses used, program memory utilization is 64%



                              Symbols - Sorted by Name
                     Name    Address   Location    Storage File                     
                ---------  ---------  ---------  --------- ---------                
        APP_checkPassword   0x001aaa    program     extern C:\Users\IDEONICS-BNG\Documents\GitHub\DensoSCSkeypad\source\app.c
          APP_comCallBack   0x001dae    program     extern C:\Users\IDEONICS-BNG\Documents\GitHub\DensoSCSkeypad\source\app.c
           APP_conversion   0x001d5c    program     extern C:\Users\IDEONICS-BNG\Documents\GitHub\DensoSCSkeypad\source\app.c
                 APP_init   0x0015ca    program     extern C:\Users\IDEONICS-BNG\Documents\GitHub\DensoSCSkeypad\source\app.c
                 APP_task   0x0015f8    program     extern C:\Users\IDEONICS-BNG\Documents\GitHub\DensoSCSkeypad\source\app.c
            APP_updateRTC   0x001cc0    program     extern C:\Users\IDEONICS-BNG\Documents\GitHub\DensoSCSkeypad\source\app.c
        APP_updateStaging   0x001ae6    program     extern C:\Users\IDEONICS-BNG\Documents\GitHub\DensoSCSkeypad\source\app.c
                  BCD2HEX   0x000160    program     extern C:\Users\IDEONICS-BNG\Documents\GitHub\DensoSCSkeypad\source\math_fun.c
                 BCDtoBin   0x000b0c    program     extern C:\Users\IDEONICS-BNG\Documents\GitHub\DensoSCSkeypad\source\math_fun.c
                 BRD_init   0x003e40    program     extern C:\Users\IDEONICS-BNG\Documents\GitHub\DensoSCSkeypad\source\board.c
                 BinToBCD   0x000b3a    program     extern C:\Users\IDEONICS-BNG\Documents\GitHub\DensoSCSkeypad\source\math_fun.c
                 COM_init   0x002a5e    program     extern C:\Users\IDEONICS-BNG\Documents\GitHub\DensoSCSkeypad\source\communication.c
                COM_reset   0x002abe    program     extern C:\Users\IDEONICS-BNG\Documents\GitHub\DensoSCSkeypad\source\communication.c
              COM_restart   0x002a94    program     extern C:\Users\IDEONICS-BNG\Documents\GitHub\DensoSCSkeypad\source\communication.c
                 COM_task   0x002ae4    program     extern C:\Users\IDEONICS-BNG\Documents\GitHub\DensoSCSkeypad\source\communication.c
             COM_txBuffer   0x002ea6    program     extern C:\Users\IDEONICS-BNG\Documents\GitHub\DensoSCSkeypad\source\communication.c
               COM_txData   0x002d66    program     extern C:\Users\IDEONICS-BNG\Documents\GitHub\DensoSCSkeypad\source\communication.c
                COM_txStr   0x002df8    program     extern C:\Users\IDEONICS-BNG\Documents\GitHub\DensoSCSkeypad\source\communication.c
ConvertAndDisplay16BitValue   0x0001fe    program     extern C:\Users\IDEONICS-BNG\Documents\GitHub\DensoSCSkeypad\source\math_fun.c
ConvertAndDisplay32BitValue   0x0005ca    program     extern C:\Users\IDEONICS-BNG\Documents\GitHub\DensoSCSkeypad\source\math_fun.c
ConvertAndDisplay8BitValue   0x00048e    program     extern C:\Users\IDEONICS-BNG\Documents\GitHub\DensoSCSkeypad\source\math_fun.c
           ConvertBCD2HEX   0x0000d2    program     extern C:\Users\IDEONICS-BNG\Documents\GitHub\DensoSCSkeypad\source\math_fun.c
  ConvertHour12to24Format   0x0012c4    program     extern C:\Users\IDEONICS-BNG\Documents\GitHub\DensoSCSkeypad\source\rtc_driver.c
  ConvertTime12to24Format   0x00116a    program     extern C:\Users\IDEONICS-BNG\Documents\GitHub\DensoSCSkeypad\source\rtc_driver.c
  ConvertTime24to12Format   0x000fda    program     extern C:\Users\IDEONICS-BNG\Documents\GitHub\DensoSCSkeypad\source\rtc_driver.c
ConvertUnPackedAsciiToPacked16BitHexValue   0x000b80    program     extern C:\Users\IDEONICS-BNG\Documents\GitHub\DensoSCSkeypad\source\math_fun.c
                    D10_1   0x0048aa    program     static E:\c18v3.46\pic18-lt\cxx-framework\src\traditional\delays\d10tcyx.asm
                     D10x   0x0048a2    program     static E:\c18v3.46\pic18-lt\cxx-framework\src\traditional\delays\d10tcyx.asm
                    D1K_1   0x004814    program     static E:\c18v3.46\pic18-lt\cxx-framework\src\traditional\delays\d1ktcyx.asm
                     D1Kx   0x004812    program     static E:\c18v3.46\pic18-lt\cxx-framework\src\traditional\delays\d1ktcyx.asm
              Delay10TCYx   0x00489a    program     extern E:\c18v3.46\pic18-lt\cxx-framework\src\traditional\delays\d10tcyx.asm
              Delay1KTCYx   0x004808    program     extern E:\c18v3.46\pic18-lt\cxx-framework\src\traditional\delays\d1ktcyx.asm
         EnableInterrupts   0x000022    program     extern C:\Users\IDEONICS-BNG\Documents\GitHub\DensoSCSkeypad\source\interruptvector.c
                 FXD0808U   0x004864    program     extern E:\c18v3.46\pic18-lt\cxx-framework\src\traditional\math\fxd0808u.c
                 FXD1616U   0x0047dc    program     extern E:\c18v3.46\pic18-lt\cxx-framework\src\traditional\math\fxd1616u.c
                 FXD3232U   0x004670    program     extern E:\c18v3.46\pic18-lt\cxx-framework\src\traditional\math\fxd3232u.c
                 FXM1616U   0x0040ce    program     extern E:\c18v3.46\pic18-lt\cxx-framework\src\traditional\math\fxm1616u.asm
                 FXM2424U   0x00410a    program     extern E:\c18v3.46\pic18-lt\cxx-framework\src\traditional\math\fxm2424u.asm
                  FXM3232   0x0045ac    program     extern E:\c18v3.46\pic18-lt\cxx-framework\src\traditional\math\fxm3232.c
               GetAppTime   0x00369e    program     extern C:\Users\IDEONICS-BNG\Documents\GitHub\DensoSCSkeypad\source\timer.c
                  HB_init   0x004880    program     extern C:\Users\IDEONICS-BNG\Documents\GitHub\DensoSCSkeypad\source\heartBeat.c
                  HB_task   0x004886    program     extern C:\Users\IDEONICS-BNG\Documents\GitHub\DensoSCSkeypad\source\heartBeat.c
                  HEX2BCD   0x00019a    program     extern C:\Users\IDEONICS-BNG\Documents\GitHub\DensoSCSkeypad\source\math_fun.c
                  InitLcd   0x00305e    program     extern C:\Users\IDEONICS-BNG\Documents\GitHub\DensoSCSkeypad\source\lcd.c
            InitializeI2C   0x003bfa    program     extern C:\Users\IDEONICS-BNG\Documents\GitHub\DensoSCSkeypad\source\i2c_driver.c
            InitializeRtc   0x001550    program     extern C:\Users\IDEONICS-BNG\Documents\GitHub\DensoSCSkeypad\source\rtc_driver.c
                  Int2Day   0x000c96    program     extern C:\Users\IDEONICS-BNG\Documents\GitHub\DensoSCSkeypad\source\rtc_driver.c
                Int2Month   0x000cce    program     extern C:\Users\IDEONICS-BNG\Documents\GitHub\DensoSCSkeypad\source\rtc_driver.c
              KEYPAD_init   0x00398c    program     extern C:\Users\IDEONICS-BNG\Documents\GitHub\DensoSCSkeypad\source\keypad.c
              KEYPAD_read   0x003a2a    program     extern C:\Users\IDEONICS-BNG\Documents\GitHub\DensoSCSkeypad\source\keypad.c
             KEYPAD_reset   0x003aa8    program     extern C:\Users\IDEONICS-BNG\Documents\GitHub\DensoSCSkeypad\source\keypad.c
              KEYPAD_task   0x00399e    program     extern C:\Users\IDEONICS-BNG\Documents\GitHub\DensoSCSkeypad\source\keypad.c
                LCD_clear   0x0031e2    program     extern C:\Users\IDEONICS-BNG\Documents\GitHub\DensoSCSkeypad\source\lcd.c
                 LCD_init   0x003282    program     extern C:\Users\IDEONICS-BNG\Documents\GitHub\DensoSCSkeypad\source\lcd.c
              LCD_putChar   0x0031f0    program     extern C:\Users\IDEONICS-BNG\Documents\GitHub\DensoSCSkeypad\source\lcd.c
         LCD_setBackSpace   0x0031cc    program     extern C:\Users\IDEONICS-BNG\Documents\GitHub\DensoSCSkeypad\source\lcd.c
         LCD_writeCommand   0x002fc2    program     extern C:\Users\IDEONICS-BNG\Documents\GitHub\DensoSCSkeypad\source\lcd.c
            LCD_writeData   0x003010    program     extern C:\Users\IDEONICS-BNG\Documents\GitHub\DensoSCSkeypad\source\lcd.c
 LinearKeyPad_getKeyState   0x0037fc    program     extern C:\Users\IDEONICS-BNG\Documents\GitHub\DensoSCSkeypad\source\linearkeypad.c
        LinearKeyPad_init   0x0036fe    program     extern C:\Users\IDEONICS-BNG\Documents\GitHub\DensoSCSkeypad\source\linearkeypad.c
       LinearKeyPad_reset   0x003824    program     extern C:\Users\IDEONICS-BNG\Documents\GitHub\DensoSCSkeypad\source\linearkeypad.c
        LinearKeyPad_scan   0x0037b2    program     extern C:\Users\IDEONICS-BNG\Documents\GitHub\DensoSCSkeypad\source\linearkeypad.c
LinearKeyPad_scan_from_to   0x00375a    program     extern C:\Users\IDEONICS-BNG\Documents\GitHub\DensoSCSkeypad\source\linearkeypad.c
   LinearKeyPad_updateKey   0x00372e    program     extern C:\Users\IDEONICS-BNG\Documents\GitHub\DensoSCSkeypad\source\linearkeypad.c
               Open1USART   0x00453a    program     extern E:\c18v3.46\pic18-lt\cxx-framework\src\pmc_common\USART\u1open.c
               Open2USART   0x00444e    program     extern E:\c18v3.46\pic18-lt\cxx-framework\src\pmc_common\USART\u2open.c
               OpenTimer0   0x0047a4    program     extern E:\c18v3.46\pic18-lt\cxx-framework\src\pmc_common\Timers\t0open.c
               OpenTimer1   0x00461c    program     extern E:\c18v3.46\pic18-lt\cxx-framework\src\pmc_common\Timers\t1open.c
               Read1USART   0x0046f6    program     extern E:\c18v3.46\pic18-lt\cxx-framework\src\pmc_common\USART\u1read.c
               Read2USART   0x0046b8    program     extern E:\c18v3.46\pic18-lt\cxx-framework\src\pmc_common\USART\u2read.c
              ReadByteI2C   0x003dca    program     extern C:\Users\IDEONICS-BNG\Documents\GitHub\DensoSCSkeypad\source\i2c_driver.c
                  ReadI2C   0x003d28    program     extern C:\Users\IDEONICS-BNG\Documents\GitHub\DensoSCSkeypad\source\i2c_driver.c
       ReadRtcTimeAndDate   0x000d14    program     extern C:\Users\IDEONICS-BNG\Documents\GitHub\DensoSCSkeypad\source\rtc_driver.c
             ResetAppTime   0x0036ee    program     extern C:\Users\IDEONICS-BNG\Documents\GitHub\DensoSCSkeypad\source\timer.c
                 ResetI2C   0x003c5e    program     extern C:\Users\IDEONICS-BNG\Documents\GitHub\DensoSCSkeypad\source\i2c_driver.c
             STAGING_TIME   0x004266    program     static C:\Users\IDEONICS-BNG\Documents\GitHub\DensoSCSkeypad\source\app.c
              SetHourMode   0x000f70    program     extern C:\Users\IDEONICS-BNG\Documents\GitHub\DensoSCSkeypad\source\rtc_driver.c
                 StartI2C   0x003c12    program     extern C:\Users\IDEONICS-BNG\Documents\GitHub\DensoSCSkeypad\source\i2c_driver.c
                  StopI2C   0x003c3e    program     extern C:\Users\IDEONICS-BNG\Documents\GitHub\DensoSCSkeypad\source\i2c_driver.c
          StoreSystemDate   0x001420    program     extern C:\Users\IDEONICS-BNG\Documents\GitHub\DensoSCSkeypad\source\rtc_driver.c
           StoreSystemDay   0x001518    program     extern C:\Users\IDEONICS-BNG\Documents\GitHub\DensoSCSkeypad\source\rtc_driver.c
          StoreSystemTime   0x00132a    program     extern C:\Users\IDEONICS-BNG\Documents\GitHub\DensoSCSkeypad\source\rtc_driver.c
                 TMR0_ISR   0x003356    program     extern C:\Users\IDEONICS-BNG\Documents\GitHub\DensoSCSkeypad\source\timer.c
                TMR0_init   0x0035b4    program     extern C:\Users\IDEONICS-BNG\Documents\GitHub\DensoSCSkeypad\source\timer.c
                 TMR1_ISR   0x00344c    program     extern C:\Users\IDEONICS-BNG\Documents\GitHub\DensoSCSkeypad\source\timer.c
                TMR1_init   0x0035fa    program     extern C:\Users\IDEONICS-BNG\Documents\GitHub\DensoSCSkeypad\source\timer.c
                 TMR2_ISR   0x003506    program     extern C:\Users\IDEONICS-BNG\Documents\GitHub\DensoSCSkeypad\source\timer.c
                TMR2_init   0x00366a    program     extern C:\Users\IDEONICS-BNG\Documents\GitHub\DensoSCSkeypad\source\timer.c
            UART1_hasData   0x002984    program     extern C:\Users\IDEONICS-BNG\Documents\GitHub\DensoSCSkeypad\source\uart.c
               UART1_init   0x0026a6    program     extern C:\Users\IDEONICS-BNG\Documents\GitHub\DensoSCSkeypad\source\uart.c
               UART1_read   0x0029be    program     extern C:\Users\IDEONICS-BNG\Documents\GitHub\DensoSCSkeypad\source\uart.c
           UART1_transmit   0x00277e    program     extern C:\Users\IDEONICS-BNG\Documents\GitHub\DensoSCSkeypad\source\uart.c
              UART1_write   0x00270e    program     extern C:\Users\IDEONICS-BNG\Documents\GitHub\DensoSCSkeypad\source\uart.c
            UART2_hasData   0x00294a    program     extern C:\Users\IDEONICS-BNG\Documents\GitHub\DensoSCSkeypad\source\uart.c
               UART2_init   0x0026d6    program     extern C:\Users\IDEONICS-BNG\Documents\GitHub\DensoSCSkeypad\source\uart.c
               UART2_read   0x002a0e    program     extern C:\Users\IDEONICS-BNG\Documents\GitHub\DensoSCSkeypad\source\uart.c
           UART2_transmit   0x002864    program     extern C:\Users\IDEONICS-BNG\Documents\GitHub\DensoSCSkeypad\source\uart.c
              UART2_write   0x002746    program     extern C:\Users\IDEONICS-BNG\Documents\GitHub\DensoSCSkeypad\source\uart.c
                  UI_init   0x001dda    program     extern C:\Users\IDEONICS-BNG\Documents\GitHub\DensoSCSkeypad\source\UI.c
                  UI_task   0x001dfa    program     extern C:\Users\IDEONICS-BNG\Documents\GitHub\DensoSCSkeypad\source\UI.c
     Uart1_ReceiveHandler   0x00419c    program     extern C:\Users\IDEONICS-BNG\Documents\GitHub\DensoSCSkeypad\source\uart.c
    Uart1_TransmitHandler   0x0025b6    program     extern C:\Users\IDEONICS-BNG\Documents\GitHub\DensoSCSkeypad\source\uart.c
     Uart2_ReceiveHandler   0x0024ec    program     extern C:\Users\IDEONICS-BNG\Documents\GitHub\DensoSCSkeypad\source\uart.c
    Uart2_TransmitHandler   0x00262e    program     extern C:\Users\IDEONICS-BNG\Documents\GitHub\DensoSCSkeypad\source\uart.c
  UpdateRealTimeClockTask   0x0015a4    program     extern C:\Users\IDEONICS-BNG\Documents\GitHub\DensoSCSkeypad\source\rtc_driver.c
             WriteByteI2C   0x003e0e    program     extern C:\Users\IDEONICS-BNG\Documents\GitHub\DensoSCSkeypad\source\i2c_driver.c
                 WriteI2C   0x003c9a    program     extern C:\Users\IDEONICS-BNG\Documents\GitHub\DensoSCSkeypad\source\i2c_driver.c
      WriteRtcTimeAndDate   0x000e64    program     extern C:\Users\IDEONICS-BNG\Documents\GitHub\DensoSCSkeypad\source\rtc_driver.c
              WriteTimer0   0x00476c    program     extern E:\c18v3.46\pic18-lt\cxx-framework\src\pmc_common\Timers\t0write.c
              WriteTimer1   0x004734    program     extern E:\c18v3.46\pic18-lt\cxx-framework\src\pmc_common\Timers\t1write.c
              _2jContinue   0x0044e6    program     static E:\c18v3.46\pic18-lt\cxx-framework\src\traditional\stdclib\memset.asm
                   _3jEnd   0x0044f0    program     static E:\c18v3.46\pic18-lt\cxx-framework\src\traditional\stdclib\memset.asm
        _D10TCYXCODE_000A   0x0048a4    program     static E:\c18v3.46\pic18-lt\cxx-framework\src\traditional\delays\d10tcyx.asm
        _D10TCYXCODE_000C   0x0048a6    program     static E:\c18v3.46\pic18-lt\cxx-framework\src\traditional\delays\d10tcyx.asm
        _D10TCYXCODE_000E   0x0048a8    program     static E:\c18v3.46\pic18-lt\cxx-framework\src\traditional\delays\d10tcyx.asm
        _D1KTCYXCODE_0010   0x004818    program     static E:\c18v3.46\pic18-lt\cxx-framework\src\traditional\delays\d1ktcyx.asm
        _D1KTCYXCODE_0016   0x00481e    program     static E:\c18v3.46\pic18-lt\cxx-framework\src\traditional\delays\d1ktcyx.asm
           ___if_lbl00001   0x000010    program     static                          
           ___if_lbl00002   0x000018    program     static                          
           ___if_lbl00003   0x000020    program     static                          
           ___if_lbl00003   0x002f72    program     static                          
       ___return_lbl00000   0x002f7a    program     static                          
       ___return_lbl00000   0x004806    program     static                          
       ___return_lbl00000   0x00487e    program     static                          
       ___return_lbl00000   0x000004    program     static                          
       ___return_lbl00000   0x0046b6    program     static                          
       ___return_lbl00000   0x00461a    program     static                          
       ___return_lbl00000   0x000020    program     static                          
       ___return_lbl00001   0x004862    program     static                          
       ___return_lbl00002   0x0043b2    program     static                          
       ___return_lbl00004   0x002fba    program     static                          
       ___return_lbl00005   0x003008    program     static                          
       ___return_lbl00006   0x003056    program     static                          
        ___while_lbl00001   0x002f26    program     static                          
        ___while_lbl00002   0x002f74    program     static                          
               __config_0   0x300001    program     static C:\Users\IDEONICS-BNG\Documents\GitHub\DensoSCSkeypad\source\main.c
               __config_1   0x300002    program     static C:\Users\IDEONICS-BNG\Documents\GitHub\DensoSCSkeypad\source\main.c
              __config_10   0x30000d    program     static C:\Users\IDEONICS-BNG\Documents\GitHub\DensoSCSkeypad\source\main.c
               __config_2   0x300003    program     static C:\Users\IDEONICS-BNG\Documents\GitHub\DensoSCSkeypad\source\main.c
               __config_3   0x300005    program     static C:\Users\IDEONICS-BNG\Documents\GitHub\DensoSCSkeypad\source\main.c
               __config_4   0x300006    program     static C:\Users\IDEONICS-BNG\Documents\GitHub\DensoSCSkeypad\source\main.c
               __config_5   0x300008    program     static C:\Users\IDEONICS-BNG\Documents\GitHub\DensoSCSkeypad\source\main.c
               __config_6   0x300009    program     static C:\Users\IDEONICS-BNG\Documents\GitHub\DensoSCSkeypad\source\main.c
               __config_7   0x30000a    program     static C:\Users\IDEONICS-BNG\Documents\GitHub\DensoSCSkeypad\source\main.c
               __config_8   0x30000b    program     static C:\Users\IDEONICS-BNG\Documents\GitHub\DensoSCSkeypad\source\main.c
               __config_9   0x30000c    program     static C:\Users\IDEONICS-BNG\Documents\GitHub\DensoSCSkeypad\source\main.c
                   __init   0x000006    program     extern E:\c18v3.46\pic18-lt\cxx-framework\src\traditional\stdclib\__init.c
               __string_0   0x004443    program     static C:\Users\IDEONICS-BNG\Documents\GitHub\DensoSCSkeypad\source\UI.c
               __string_0   0x0043b4    program     static C:\Users\IDEONICS-BNG\Documents\GitHub\DensoSCSkeypad\source\main.c
               __string_0   0x004415    program     static C:\Users\IDEONICS-BNG\Documents\GitHub\DensoSCSkeypad\source\rtc_driver.c
               __string_1   0x004439    program     static C:\Users\IDEONICS-BNG\Documents\GitHub\DensoSCSkeypad\source\UI.c
               __string_1   0x004411    program     static C:\Users\IDEONICS-BNG\Documents\GitHub\DensoSCSkeypad\source\rtc_driver.c
              __string_10   0x0043ed    program     static C:\Users\IDEONICS-BNG\Documents\GitHub\DensoSCSkeypad\source\rtc_driver.c
              __string_11   0x0043e9    program     static C:\Users\IDEONICS-BNG\Documents\GitHub\DensoSCSkeypad\source\rtc_driver.c
              __string_12   0x0043e5    program     static C:\Users\IDEONICS-BNG\Documents\GitHub\DensoSCSkeypad\source\rtc_driver.c
              __string_13   0x0043e1    program     static C:\Users\IDEONICS-BNG\Documents\GitHub\DensoSCSkeypad\source\rtc_driver.c
              __string_14   0x0043dd    program     static C:\Users\IDEONICS-BNG\Documents\GitHub\DensoSCSkeypad\source\rtc_driver.c
              __string_15   0x0043d9    program     static C:\Users\IDEONICS-BNG\Documents\GitHub\DensoSCSkeypad\source\rtc_driver.c
              __string_16   0x0043d5    program     static C:\Users\IDEONICS-BNG\Documents\GitHub\DensoSCSkeypad\source\rtc_driver.c
              __string_17   0x0043d1    program     static C:\Users\IDEONICS-BNG\Documents\GitHub\DensoSCSkeypad\source\rtc_driver.c
              __string_18   0x0043cd    program     static C:\Users\IDEONICS-BNG\Documents\GitHub\DensoSCSkeypad\source\rtc_driver.c
               __string_2   0x00442f    program     static C:\Users\IDEONICS-BNG\Documents\GitHub\DensoSCSkeypad\source\UI.c
               __string_2   0x00440d    program     static C:\Users\IDEONICS-BNG\Documents\GitHub\DensoSCSkeypad\source\rtc_driver.c
               __string_3   0x004409    program     static C:\Users\IDEONICS-BNG\Documents\GitHub\DensoSCSkeypad\source\rtc_driver.c
               __string_3   0x004425    program     static C:\Users\IDEONICS-BNG\Documents\GitHub\DensoSCSkeypad\source\UI.c
               __string_4   0x004419    program     static C:\Users\IDEONICS-BNG\Documents\GitHub\DensoSCSkeypad\source\UI.c
               __string_4   0x004405    program     static C:\Users\IDEONICS-BNG\Documents\GitHub\DensoSCSkeypad\source\rtc_driver.c
               __string_5   0x004401    program     static C:\Users\IDEONICS-BNG\Documents\GitHub\DensoSCSkeypad\source\rtc_driver.c
               __string_6   0x0043fd    program     static C:\Users\IDEONICS-BNG\Documents\GitHub\DensoSCSkeypad\source\rtc_driver.c
               __string_7   0x0043f9    program     static C:\Users\IDEONICS-BNG\Documents\GitHub\DensoSCSkeypad\source\rtc_driver.c
               __string_8   0x0043f5    program     static C:\Users\IDEONICS-BNG\Documents\GitHub\DensoSCSkeypad\source\rtc_driver.c
               __string_9   0x0043f1    program     static C:\Users\IDEONICS-BNG\Documents\GitHub\DensoSCSkeypad\source\rtc_driver.c
            __zero_memory   0x004828    program     extern E:\c18v3.46\pic18-lt\cxx-framework\src\traditional\proc\p18f46k22.asm
                _do_cinit   0x004316    program     extern E:\c18v3.46\pic18-lt\cxx-framework\src\traditional\startup\c018i.c
                   _entry   0x000000    program     extern E:\c18v3.46\pic18-lt\cxx-framework\src\traditional\startup\c018i.c
                   _false   0x0046b2    program     static                          
                 _startup   0x004848    program     extern E:\c18v3.46\pic18-lt\cxx-framework\src\traditional\startup\c018i.c
                  busyLcd   0x002f02    program     static C:\Users\IDEONICS-BNG\Documents\GitHub\DensoSCSkeypad\source\lcd.c
                 checksum   0x002e42    program     extern C:\Users\IDEONICS-BNG\Documents\GitHub\DensoSCSkeypad\source\communication.c
              clearScreen   0x0048b0    program     static C:\Users\IDEONICS-BNG\Documents\GitHub\DensoSCSkeypad\source\lcd.c
            clearUIBuffer   0x002394    program     extern C:\Users\IDEONICS-BNG\Documents\GitHub\DensoSCSkeypad\source\UI.c
             clearUIInput   0x0023b6    program     extern C:\Users\IDEONICS-BNG\Documents\GitHub\DensoSCSkeypad\source\UI.c
                compare_l   0x00483e    program     static E:\c18v3.46\pic18-lt\cxx-framework\src\traditional\proc\p18f46k22.asm
                copy_loop   0x004388    program     static                          
            copy_one_byte   0x00438e    program     static                          
               dataPortIn   0x003336    program     extern C:\Users\IDEONICS-BNG\Documents\GitHub\DensoSCSkeypad\source\lcd.c
              dataPortOut   0x003346    program     extern C:\Users\IDEONICS-BNG\Documents\GitHub\DensoSCSkeypad\source\lcd.c
                     done   0x0043b2    program     static                          
             done_copying   0x00439c    program     static                          
                  endloop   0x00487a    program     static                          
                  endloop   0x004802    program     static                          
           high_interrupt   0x000008    program     extern C:\Users\IDEONICS-BNG\Documents\GitHub\DensoSCSkeypad\source\interruptvector.c
                     jEnd   0x0044f8    program     static E:\c18v3.46\pic18-lt\cxx-framework\src\traditional\stdclib\memset.asm
                     jEnd   0x004524    program     static E:\c18v3.46\pic18-lt\cxx-framework\src\traditional\stdclib\strcmp.asm
                    jLoop   0x00451a    program     static E:\c18v3.46\pic18-lt\cxx-framework\src\traditional\stdclib\strcmp.asm
                    jLoop   0x0044da    program     static E:\c18v3.46\pic18-lt\cxx-framework\src\traditional\stdclib\memset.asm
                   keyMap   0x0048c1    program     extern C:\Users\IDEONICS-BNG\Documents\GitHub\DensoSCSkeypad\source\UI.c
                     loop   0x00467e    program     static                          
                     loop   0x0047e6    program     static                          
                     loop   0x004858    program     static                          
                     loop   0x00486c    program     static                          
                   loop_h   0x004836    program     static E:\c18v3.46\pic18-lt\cxx-framework\src\traditional\proc\p18f46k22.asm
                   loop_l   0x004840    program     static E:\c18v3.46\pic18-lt\cxx-framework\src\traditional\proc\p18f46k22.asm
                     main   0x003fc2    program     extern C:\Users\IDEONICS-BNG\Documents\GitHub\DensoSCSkeypad\source\main.c
                   mapKey   0x002172    program     extern C:\Users\IDEONICS-BNG\Documents\GitHub\DensoSCSkeypad\source\UI.c
                   memset   0x0044c6    program     extern E:\c18v3.46\pic18-lt\cxx-framework\src\traditional\stdclib\memset.asm
              parsePacket   0x002cd0    program     extern C:\Users\IDEONICS-BNG\Documents\GitHub\DensoSCSkeypad\source\communication.c
                 putUImsg   0x002464    program     extern C:\Users\IDEONICS-BNG\Documents\GitHub\DensoSCSkeypad\source\UI.c
    rawWriteCommand8ToLcd   0x002f92    program     static C:\Users\IDEONICS-BNG\Documents\GitHub\DensoSCSkeypad\source\lcd.c
           readKeyPadPort   0x00386e    program     static C:\Users\IDEONICS-BNG\Documents\GitHub\DensoSCSkeypad\source\linearkeypad.c
               scanKeypad   0x003ab8    program     static C:\Users\IDEONICS-BNG\Documents\GitHub\DensoSCSkeypad\source\keypad.c
                 setUImsg   0x0023d8    program     extern C:\Users\IDEONICS-BNG\Documents\GitHub\DensoSCSkeypad\source\UI.c
                   strcmp   0x0044fa    program     extern E:\c18v3.46\pic18-lt\cxx-framework\src\traditional\stdclib\strcmp.asm
                     test   0x004330    program     static                          
                updateKey   0x00387c    program     static C:\Users\IDEONICS-BNG\Documents\GitHub\DensoSCSkeypad\source\linearkeypad.c
              updateValue   0x002300    program     extern C:\Users\IDEONICS-BNG\Documents\GitHub\DensoSCSkeypad\source\UI.c
               writetoLCD   0x003292    program     extern C:\Users\IDEONICS-BNG\Documents\GitHub\DensoSCSkeypad\source\lcd.c
               zero_block   0x004836    program     static E:\c18v3.46\pic18-lt\cxx-framework\src\traditional\proc\p18f46k22.asm
                   ADCON0   0x000fc2       data     extern E:\c18v3.46\pic18-lt\cxx-framework\src\traditional\proc\p18f46k22.asm
               ADCON0bits   0x000fc2       data     extern E:\c18v3.46\pic18-lt\cxx-framework\src\traditional\proc\p18f46k22.asm
                   ADCON1   0x000fc1       data     extern E:\c18v3.46\pic18-lt\cxx-framework\src\traditional\proc\p18f46k22.asm
               ADCON1bits   0x000fc1       data     extern E:\c18v3.46\pic18-lt\cxx-framework\src\traditional\proc\p18f46k22.asm
                   ADCON2   0x000fc0       data     extern E:\c18v3.46\pic18-lt\cxx-framework\src\traditional\proc\p18f46k22.asm
               ADCON2bits   0x000fc0       data     extern E:\c18v3.46\pic18-lt\cxx-framework\src\traditional\proc\p18f46k22.asm
                    ADRES   0x000fc3       data     extern E:\c18v3.46\pic18-lt\cxx-framework\src\traditional\proc\p18f46k22.asm
                   ADRESH   0x000fc4       data     extern E:\c18v3.46\pic18-lt\cxx-framework\src\traditional\proc\p18f46k22.asm
                   ADRESL   0x000fc3       data     extern E:\c18v3.46\pic18-lt\cxx-framework\src\traditional\proc\p18f46k22.asm
                   ANSELA   0x000f38       data     extern E:\c18v3.46\pic18-lt\cxx-framework\src\traditional\proc\p18f46k22.asm
               ANSELAbits   0x000f38       data     extern E:\c18v3.46\pic18-lt\cxx-framework\src\traditional\proc\p18f46k22.asm
                   ANSELB   0x000f39       data     extern E:\c18v3.46\pic18-lt\cxx-framework\src\traditional\proc\p18f46k22.asm
               ANSELBbits   0x000f39       data     extern E:\c18v3.46\pic18-lt\cxx-framework\src\traditional\proc\p18f46k22.asm
                   ANSELC   0x000f3a       data     extern E:\c18v3.46\pic18-lt\cxx-framework\src\traditional\proc\p18f46k22.asm
               ANSELCbits   0x000f3a       data     extern E:\c18v3.46\pic18-lt\cxx-framework\src\traditional\proc\p18f46k22.asm
                   ANSELD   0x000f3b       data     extern E:\c18v3.46\pic18-lt\cxx-framework\src\traditional\proc\p18f46k22.asm
               ANSELDbits   0x000f3b       data     extern E:\c18v3.46\pic18-lt\cxx-framework\src\traditional\proc\p18f46k22.asm
                   ANSELE   0x000f3c       data     extern E:\c18v3.46\pic18-lt\cxx-framework\src\traditional\proc\p18f46k22.asm
               ANSELEbits   0x000f3c       data     extern E:\c18v3.46\pic18-lt\cxx-framework\src\traditional\proc\p18f46k22.asm
             AppTimestamp   0x000e3c       data     extern C:\Users\IDEONICS-BNG\Documents\GitHub\DensoSCSkeypad\source\timer.c
                 BAUD1CON   0x000fb8       data     extern E:\c18v3.46\pic18-lt\cxx-framework\src\traditional\proc\p18f46k22.asm
             BAUD1CONbits   0x000fb8       data     extern E:\c18v3.46\pic18-lt\cxx-framework\src\traditional\proc\p18f46k22.asm
                 BAUD2CON   0x000f70       data     extern E:\c18v3.46\pic18-lt\cxx-framework\src\traditional\proc\p18f46k22.asm
             BAUD2CONbits   0x000f70       data     extern E:\c18v3.46\pic18-lt\cxx-framework\src\traditional\proc\p18f46k22.asm
                  BAUDCON   0x000fb8       data     extern E:\c18v3.46\pic18-lt\cxx-framework\src\traditional\proc\p18f46k22.asm
                 BAUDCON1   0x000fb8       data     extern E:\c18v3.46\pic18-lt\cxx-framework\src\traditional\proc\p18f46k22.asm
             BAUDCON1bits   0x000fb8       data     extern E:\c18v3.46\pic18-lt\cxx-framework\src\traditional\proc\p18f46k22.asm
                 BAUDCON2   0x000f70       data     extern E:\c18v3.46\pic18-lt\cxx-framework\src\traditional\proc\p18f46k22.asm
             BAUDCON2bits   0x000f70       data     extern E:\c18v3.46\pic18-lt\cxx-framework\src\traditional\proc\p18f46k22.asm
              BAUDCONbits   0x000fb8       data     extern E:\c18v3.46\pic18-lt\cxx-framework\src\traditional\proc\p18f46k22.asm
                  BAUDCTL   0x000fb8       data     extern E:\c18v3.46\pic18-lt\cxx-framework\src\traditional\proc\p18f46k22.asm
              BAUDCTLbits   0x000fb8       data     extern E:\c18v3.46\pic18-lt\cxx-framework\src\traditional\proc\p18f46k22.asm
                      BSR   0x000fe0       data     extern E:\c18v3.46\pic18-lt\cxx-framework\src\traditional\proc\p18f46k22.asm
                  CCP1CON   0x000fbd       data     extern E:\c18v3.46\pic18-lt\cxx-framework\src\traditional\proc\p18f46k22.asm
              CCP1CONbits   0x000fbd       data     extern E:\c18v3.46\pic18-lt\cxx-framework\src\traditional\proc\p18f46k22.asm
                   CCP2AS   0x000f64       data     extern E:\c18v3.46\pic18-lt\cxx-framework\src\traditional\proc\p18f46k22.asm
               CCP2ASbits   0x000f64       data     extern E:\c18v3.46\pic18-lt\cxx-framework\src\traditional\proc\p18f46k22.asm
                  CCP2CON   0x000f66       data     extern E:\c18v3.46\pic18-lt\cxx-framework\src\traditional\proc\p18f46k22.asm
              CCP2CONbits   0x000f66       data     extern E:\c18v3.46\pic18-lt\cxx-framework\src\traditional\proc\p18f46k22.asm
                   CCP3AS   0x000f5b       data     extern E:\c18v3.46\pic18-lt\cxx-framework\src\traditional\proc\p18f46k22.asm
               CCP3ASbits   0x000f5b       data     extern E:\c18v3.46\pic18-lt\cxx-framework\src\traditional\proc\p18f46k22.asm
                  CCP3CON   0x000f5d       data     extern E:\c18v3.46\pic18-lt\cxx-framework\src\traditional\proc\p18f46k22.asm
              CCP3CONbits   0x000f5d       data     extern E:\c18v3.46\pic18-lt\cxx-framework\src\traditional\proc\p18f46k22.asm
                  CCP4CON   0x000f57       data     extern E:\c18v3.46\pic18-lt\cxx-framework\src\traditional\proc\p18f46k22.asm
              CCP4CONbits   0x000f57       data     extern E:\c18v3.46\pic18-lt\cxx-framework\src\traditional\proc\p18f46k22.asm
                  CCP5CON   0x000f54       data     extern E:\c18v3.46\pic18-lt\cxx-framework\src\traditional\proc\p18f46k22.asm
              CCP5CONbits   0x000f54       data     extern E:\c18v3.46\pic18-lt\cxx-framework\src\traditional\proc\p18f46k22.asm
                    CCPR1   0x000fbe       data     extern E:\c18v3.46\pic18-lt\cxx-framework\src\traditional\proc\p18f46k22.asm
                   CCPR1H   0x000fbf       data     extern E:\c18v3.46\pic18-lt\cxx-framework\src\traditional\proc\p18f46k22.asm
                   CCPR1L   0x000fbe       data     extern E:\c18v3.46\pic18-lt\cxx-framework\src\traditional\proc\p18f46k22.asm
                    CCPR2   0x000f67       data     extern E:\c18v3.46\pic18-lt\cxx-framework\src\traditional\proc\p18f46k22.asm
                   CCPR2H   0x000f68       data     extern E:\c18v3.46\pic18-lt\cxx-framework\src\traditional\proc\p18f46k22.asm
                   CCPR2L   0x000f67       data     extern E:\c18v3.46\pic18-lt\cxx-framework\src\traditional\proc\p18f46k22.asm
                    CCPR3   0x000f5e       data     extern E:\c18v3.46\pic18-lt\cxx-framework\src\traditional\proc\p18f46k22.asm
                   CCPR3H   0x000f5f       data     extern E:\c18v3.46\pic18-lt\cxx-framework\src\traditional\proc\p18f46k22.asm
                   CCPR3L   0x000f5e       data     extern E:\c18v3.46\pic18-lt\cxx-framework\src\traditional\proc\p18f46k22.asm
                    CCPR4   0x000f58       data     extern E:\c18v3.46\pic18-lt\cxx-framework\src\traditional\proc\p18f46k22.asm
                   CCPR4H   0x000f59       data     extern E:\c18v3.46\pic18-lt\cxx-framework\src\traditional\proc\p18f46k22.asm
                   CCPR4L   0x000f58       data     extern E:\c18v3.46\pic18-lt\cxx-framework\src\traditional\proc\p18f46k22.asm
                    CCPR5   0x000f55       data     extern E:\c18v3.46\pic18-lt\cxx-framework\src\traditional\proc\p18f46k22.asm
                   CCPR5H   0x000f56       data     extern E:\c18v3.46\pic18-lt\cxx-framework\src\traditional\proc\p18f46k22.asm
                   CCPR5L   0x000f55       data     extern E:\c18v3.46\pic18-lt\cxx-framework\src\traditional\proc\p18f46k22.asm
                 CCPTMRS0   0x000f49       data     extern E:\c18v3.46\pic18-lt\cxx-framework\src\traditional\proc\p18f46k22.asm
             CCPTMRS0bits   0x000f49       data     extern E:\c18v3.46\pic18-lt\cxx-framework\src\traditional\proc\p18f46k22.asm
                 CCPTMRS1   0x000f48       data     extern E:\c18v3.46\pic18-lt\cxx-framework\src\traditional\proc\p18f46k22.asm
             CCPTMRS1bits   0x000f48       data     extern E:\c18v3.46\pic18-lt\cxx-framework\src\traditional\proc\p18f46k22.asm
                  CM12CON   0x000f77       data     extern E:\c18v3.46\pic18-lt\cxx-framework\src\traditional\proc\p18f46k22.asm
              CM12CONbits   0x000f77       data     extern E:\c18v3.46\pic18-lt\cxx-framework\src\traditional\proc\p18f46k22.asm
                   CM1CON   0x000f79       data     extern E:\c18v3.46\pic18-lt\cxx-framework\src\traditional\proc\p18f46k22.asm
                  CM1CON0   0x000f79       data     extern E:\c18v3.46\pic18-lt\cxx-framework\src\traditional\proc\p18f46k22.asm
              CM1CON0bits   0x000f79       data     extern E:\c18v3.46\pic18-lt\cxx-framework\src\traditional\proc\p18f46k22.asm
               CM1CONbits   0x000f79       data     extern E:\c18v3.46\pic18-lt\cxx-framework\src\traditional\proc\p18f46k22.asm
                   CM2CON   0x000f78       data     extern E:\c18v3.46\pic18-lt\cxx-framework\src\traditional\proc\p18f46k22.asm
                  CM2CON0   0x000f78       data     extern E:\c18v3.46\pic18-lt\cxx-framework\src\traditional\proc\p18f46k22.asm
              CM2CON0bits   0x000f78       data     extern E:\c18v3.46\pic18-lt\cxx-framework\src\traditional\proc\p18f46k22.asm
                  CM2CON1   0x000f77       data     extern E:\c18v3.46\pic18-lt\cxx-framework\src\traditional\proc\p18f46k22.asm
              CM2CON1bits   0x000f77       data     extern E:\c18v3.46\pic18-lt\cxx-framework\src\traditional\proc\p18f46k22.asm
               CM2CONbits   0x000f78       data     extern E:\c18v3.46\pic18-lt\cxx-framework\src\traditional\proc\p18f46k22.asm
                 CTMUCON0   0x000f45       data     extern E:\c18v3.46\pic18-lt\cxx-framework\src\traditional\proc\p18f46k22.asm
             CTMUCON0bits   0x000f45       data     extern E:\c18v3.46\pic18-lt\cxx-framework\src\traditional\proc\p18f46k22.asm
                 CTMUCON1   0x000f44       data     extern E:\c18v3.46\pic18-lt\cxx-framework\src\traditional\proc\p18f46k22.asm
             CTMUCON1bits   0x000f44       data     extern E:\c18v3.46\pic18-lt\cxx-framework\src\traditional\proc\p18f46k22.asm
                 CTMUCONH   0x000f45       data     extern E:\c18v3.46\pic18-lt\cxx-framework\src\traditional\proc\p18f46k22.asm
             CTMUCONHbits   0x000f45       data     extern E:\c18v3.46\pic18-lt\cxx-framework\src\traditional\proc\p18f46k22.asm
                 CTMUCONL   0x000f44       data     extern E:\c18v3.46\pic18-lt\cxx-framework\src\traditional\proc\p18f46k22.asm
             CTMUCONLbits   0x000f44       data     extern E:\c18v3.46\pic18-lt\cxx-framework\src\traditional\proc\p18f46k22.asm
                 CTMUICON   0x000f43       data     extern E:\c18v3.46\pic18-lt\cxx-framework\src\traditional\proc\p18f46k22.asm
                CTMUICONH   0x000f43       data     extern E:\c18v3.46\pic18-lt\cxx-framework\src\traditional\proc\p18f46k22.asm
            CTMUICONHbits   0x000f43       data     extern E:\c18v3.46\pic18-lt\cxx-framework\src\traditional\proc\p18f46k22.asm
             CTMUICONbits   0x000f43       data     extern E:\c18v3.46\pic18-lt\cxx-framework\src\traditional\proc\p18f46k22.asm
                  DACCON0   0x000f41       data     extern E:\c18v3.46\pic18-lt\cxx-framework\src\traditional\proc\p18f46k22.asm
              DACCON0bits   0x000f41       data     extern E:\c18v3.46\pic18-lt\cxx-framework\src\traditional\proc\p18f46k22.asm
                  DACCON1   0x000f40       data     extern E:\c18v3.46\pic18-lt\cxx-framework\src\traditional\proc\p18f46k22.asm
              DACCON1bits   0x000f40       data     extern E:\c18v3.46\pic18-lt\cxx-framework\src\traditional\proc\p18f46k22.asm
                     DDRA   0x000f92       data     extern E:\c18v3.46\pic18-lt\cxx-framework\src\traditional\proc\p18f46k22.asm
                 DDRAbits   0x000f92       data     extern E:\c18v3.46\pic18-lt\cxx-framework\src\traditional\proc\p18f46k22.asm
                     DDRB   0x000f93       data     extern E:\c18v3.46\pic18-lt\cxx-framework\src\traditional\proc\p18f46k22.asm
                 DDRBbits   0x000f93       data     extern E:\c18v3.46\pic18-lt\cxx-framework\src\traditional\proc\p18f46k22.asm
                     DDRC   0x000f94       data     extern E:\c18v3.46\pic18-lt\cxx-framework\src\traditional\proc\p18f46k22.asm
                 DDRCbits   0x000f94       data     extern E:\c18v3.46\pic18-lt\cxx-framework\src\traditional\proc\p18f46k22.asm
                     DDRD   0x000f95       data     extern E:\c18v3.46\pic18-lt\cxx-framework\src\traditional\proc\p18f46k22.asm
                 DDRDbits   0x000f95       data     extern E:\c18v3.46\pic18-lt\cxx-framework\src\traditional\proc\p18f46k22.asm
                     DDRE   0x000f96       data     extern E:\c18v3.46\pic18-lt\cxx-framework\src\traditional\proc\p18f46k22.asm
                 DDREbits   0x000f96       data     extern E:\c18v3.46\pic18-lt\cxx-framework\src\traditional\proc\p18f46k22.asm
                   DayStr   0x000f01       data     extern C:\Users\IDEONICS-BNG\Documents\GitHub\DensoSCSkeypad\source\rtc_driver.c
            DelayCounter1   0x000023       data     extern E:\c18v3.46\pic18-lt\cxx-framework\src\traditional\delays\delayd1.asm
                  ECCP1AS   0x000fb6       data     extern E:\c18v3.46\pic18-lt\cxx-framework\src\traditional\proc\p18f46k22.asm
              ECCP1ASbits   0x000fb6       data     extern E:\c18v3.46\pic18-lt\cxx-framework\src\traditional\proc\p18f46k22.asm
                  ECCP2AS   0x000f64       data     extern E:\c18v3.46\pic18-lt\cxx-framework\src\traditional\proc\p18f46k22.asm
              ECCP2ASbits   0x000f64       data     extern E:\c18v3.46\pic18-lt\cxx-framework\src\traditional\proc\p18f46k22.asm
                  ECCP3AS   0x000f5b       data     extern E:\c18v3.46\pic18-lt\cxx-framework\src\traditional\proc\p18f46k22.asm
              ECCP3ASbits   0x000f5b       data     extern E:\c18v3.46\pic18-lt\cxx-framework\src\traditional\proc\p18f46k22.asm
                   ECCPAS   0x000fb6       data     extern E:\c18v3.46\pic18-lt\cxx-framework\src\traditional\proc\p18f46k22.asm
               ECCPASbits   0x000fb6       data     extern E:\c18v3.46\pic18-lt\cxx-framework\src\traditional\proc\p18f46k22.asm
                    EEADR   0x000fa9       data     extern E:\c18v3.46\pic18-lt\cxx-framework\src\traditional\proc\p18f46k22.asm
                   EEADRH   0x000faa       data     extern E:\c18v3.46\pic18-lt\cxx-framework\src\traditional\proc\p18f46k22.asm
               EEADRHbits   0x000faa       data     extern E:\c18v3.46\pic18-lt\cxx-framework\src\traditional\proc\p18f46k22.asm
                EEADRbits   0x000fa9       data     extern E:\c18v3.46\pic18-lt\cxx-framework\src\traditional\proc\p18f46k22.asm
                   EECON1   0x000fa6       data     extern E:\c18v3.46\pic18-lt\cxx-framework\src\traditional\proc\p18f46k22.asm
               EECON1bits   0x000fa6       data     extern E:\c18v3.46\pic18-lt\cxx-framework\src\traditional\proc\p18f46k22.asm
                   EECON2   0x000fa7       data     extern E:\c18v3.46\pic18-lt\cxx-framework\src\traditional\proc\p18f46k22.asm
                   EEDATA   0x000fa8       data     extern E:\c18v3.46\pic18-lt\cxx-framework\src\traditional\proc\p18f46k22.asm
                     FSR0   0x000fe9       data     extern E:\c18v3.46\pic18-lt\cxx-framework\src\traditional\proc\p18f46k22.asm
                    FSR0H   0x000fea       data     extern E:\c18v3.46\pic18-lt\cxx-framework\src\traditional\proc\p18f46k22.asm
                    FSR0L   0x000fe9       data     extern E:\c18v3.46\pic18-lt\cxx-framework\src\traditional\proc\p18f46k22.asm
                     FSR1   0x000fe1       data     extern E:\c18v3.46\pic18-lt\cxx-framework\src\traditional\proc\p18f46k22.asm
                    FSR1H   0x000fe2       data     extern E:\c18v3.46\pic18-lt\cxx-framework\src\traditional\proc\p18f46k22.asm
                    FSR1L   0x000fe1       data     extern E:\c18v3.46\pic18-lt\cxx-framework\src\traditional\proc\p18f46k22.asm
                     FSR2   0x000fd9       data     extern E:\c18v3.46\pic18-lt\cxx-framework\src\traditional\proc\p18f46k22.asm
                    FSR2H   0x000fda       data     extern E:\c18v3.46\pic18-lt\cxx-framework\src\traditional\proc\p18f46k22.asm
                    FSR2L   0x000fd9       data     extern E:\c18v3.46\pic18-lt\cxx-framework\src\traditional\proc\p18f46k22.asm
                   FVRCON   0x000f42       data     extern E:\c18v3.46\pic18-lt\cxx-framework\src\traditional\proc\p18f46k22.asm
               FVRCONbits   0x000f42       data     extern E:\c18v3.46\pic18-lt\cxx-framework\src\traditional\proc\p18f46k22.asm
                  HLVDCON   0x000f9c       data     extern E:\c18v3.46\pic18-lt\cxx-framework\src\traditional\proc\p18f46k22.asm
              HLVDCONbits   0x000f9c       data     extern E:\c18v3.46\pic18-lt\cxx-framework\src\traditional\proc\p18f46k22.asm
                    INDF0   0x000fef       data     extern E:\c18v3.46\pic18-lt\cxx-framework\src\traditional\proc\p18f46k22.asm
                    INDF1   0x000fe7       data     extern E:\c18v3.46\pic18-lt\cxx-framework\src\traditional\proc\p18f46k22.asm
                    INDF2   0x000fdf       data     extern E:\c18v3.46\pic18-lt\cxx-framework\src\traditional\proc\p18f46k22.asm
                   INTCON   0x000ff2       data     extern E:\c18v3.46\pic18-lt\cxx-framework\src\traditional\proc\p18f46k22.asm
                  INTCON2   0x000ff1       data     extern E:\c18v3.46\pic18-lt\cxx-framework\src\traditional\proc\p18f46k22.asm
              INTCON2bits   0x000ff1       data     extern E:\c18v3.46\pic18-lt\cxx-framework\src\traditional\proc\p18f46k22.asm
                  INTCON3   0x000ff0       data     extern E:\c18v3.46\pic18-lt\cxx-framework\src\traditional\proc\p18f46k22.asm
              INTCON3bits   0x000ff0       data     extern E:\c18v3.46\pic18-lt\cxx-framework\src\traditional\proc\p18f46k22.asm
               INTCONbits   0x000ff2       data     extern E:\c18v3.46\pic18-lt\cxx-framework\src\traditional\proc\p18f46k22.asm
                     IOCB   0x000f62       data     extern E:\c18v3.46\pic18-lt\cxx-framework\src\traditional\proc\p18f46k22.asm
                 IOCBbits   0x000f62       data     extern E:\c18v3.46\pic18-lt\cxx-framework\src\traditional\proc\p18f46k22.asm
                     IPR1   0x000f9f       data     extern E:\c18v3.46\pic18-lt\cxx-framework\src\traditional\proc\p18f46k22.asm
                 IPR1bits   0x000f9f       data     extern E:\c18v3.46\pic18-lt\cxx-framework\src\traditional\proc\p18f46k22.asm
                     IPR2   0x000fa2       data     extern E:\c18v3.46\pic18-lt\cxx-framework\src\traditional\proc\p18f46k22.asm
                 IPR2bits   0x000fa2       data     extern E:\c18v3.46\pic18-lt\cxx-framework\src\traditional\proc\p18f46k22.asm
                     IPR3   0x000fa5       data     extern E:\c18v3.46\pic18-lt\cxx-framework\src\traditional\proc\p18f46k22.asm
                 IPR3bits   0x000fa5       data     extern E:\c18v3.46\pic18-lt\cxx-framework\src\traditional\proc\p18f46k22.asm
                     IPR4   0x000f7c       data     extern E:\c18v3.46\pic18-lt\cxx-framework\src\traditional\proc\p18f46k22.asm
                 IPR4bits   0x000f7c       data     extern E:\c18v3.46\pic18-lt\cxx-framework\src\traditional\proc\p18f46k22.asm
                     IPR5   0x000f7f       data     extern E:\c18v3.46\pic18-lt\cxx-framework\src\traditional\proc\p18f46k22.asm
                 IPR5bits   0x000f7f       data     extern E:\c18v3.46\pic18-lt\cxx-framework\src\traditional\proc\p18f46k22.asm
                     LATA   0x000f89       data     extern E:\c18v3.46\pic18-lt\cxx-framework\src\traditional\proc\p18f46k22.asm
                 LATAbits   0x000f89       data     extern E:\c18v3.46\pic18-lt\cxx-framework\src\traditional\proc\p18f46k22.asm
                     LATB   0x000f8a       data     extern E:\c18v3.46\pic18-lt\cxx-framework\src\traditional\proc\p18f46k22.asm
                 LATBbits   0x000f8a       data     extern E:\c18v3.46\pic18-lt\cxx-framework\src\traditional\proc\p18f46k22.asm
                     LATC   0x000f8b       data     extern E:\c18v3.46\pic18-lt\cxx-framework\src\traditional\proc\p18f46k22.asm
                 LATCbits   0x000f8b       data     extern E:\c18v3.46\pic18-lt\cxx-framework\src\traditional\proc\p18f46k22.asm
                     LATD   0x000f8c       data     extern E:\c18v3.46\pic18-lt\cxx-framework\src\traditional\proc\p18f46k22.asm
                 LATDbits   0x000f8c       data     extern E:\c18v3.46\pic18-lt\cxx-framework\src\traditional\proc\p18f46k22.asm
                     LATE   0x000f8d       data     extern E:\c18v3.46\pic18-lt\cxx-framework\src\traditional\proc\p18f46k22.asm
                 LATEbits   0x000f8d       data     extern E:\c18v3.46\pic18-lt\cxx-framework\src\traditional\proc\p18f46k22.asm
                   LVDCON   0x000f9c       data     extern E:\c18v3.46\pic18-lt\cxx-framework\src\traditional\proc\p18f46k22.asm
               LVDCONbits   0x000f9c       data     extern E:\c18v3.46\pic18-lt\cxx-framework\src\traditional\proc\p18f46k22.asm
                 MonthStr   0x000f0f       data     extern C:\Users\IDEONICS-BNG\Documents\GitHub\DensoSCSkeypad\source\rtc_driver.c
                   OSCCON   0x000fd3       data     extern E:\c18v3.46\pic18-lt\cxx-framework\src\traditional\proc\p18f46k22.asm
                  OSCCON2   0x000fd2       data     extern E:\c18v3.46\pic18-lt\cxx-framework\src\traditional\proc\p18f46k22.asm
              OSCCON2bits   0x000fd2       data     extern E:\c18v3.46\pic18-lt\cxx-framework\src\traditional\proc\p18f46k22.asm
               OSCCONbits   0x000fd3       data     extern E:\c18v3.46\pic18-lt\cxx-framework\src\traditional\proc\p18f46k22.asm
                  OSCTUNE   0x000f9b       data     extern E:\c18v3.46\pic18-lt\cxx-framework\src\traditional\proc\p18f46k22.asm
              OSCTUNEbits   0x000f9b       data     extern E:\c18v3.46\pic18-lt\cxx-framework\src\traditional\proc\p18f46k22.asm
                       PC   0x000ff9       data     extern E:\c18v3.46\pic18-lt\cxx-framework\src\traditional\proc\p18f46k22.asm
                      PCL   0x000ff9       data     extern E:\c18v3.46\pic18-lt\cxx-framework\src\traditional\proc\p18f46k22.asm
                   PCLATH   0x000ffa       data     extern E:\c18v3.46\pic18-lt\cxx-framework\src\traditional\proc\p18f46k22.asm
                   PCLATU   0x000ffb       data     extern E:\c18v3.46\pic18-lt\cxx-framework\src\traditional\proc\p18f46k22.asm
                     PIE1   0x000f9d       data     extern E:\c18v3.46\pic18-lt\cxx-framework\src\traditional\proc\p18f46k22.asm
                 PIE1bits   0x000f9d       data     extern E:\c18v3.46\pic18-lt\cxx-framework\src\traditional\proc\p18f46k22.asm
                     PIE2   0x000fa0       data     extern E:\c18v3.46\pic18-lt\cxx-framework\src\traditional\proc\p18f46k22.asm
                 PIE2bits   0x000fa0       data     extern E:\c18v3.46\pic18-lt\cxx-framework\src\traditional\proc\p18f46k22.asm
                     PIE3   0x000fa3       data     extern E:\c18v3.46\pic18-lt\cxx-framework\src\traditional\proc\p18f46k22.asm
                 PIE3bits   0x000fa3       data     extern E:\c18v3.46\pic18-lt\cxx-framework\src\traditional\proc\p18f46k22.asm
                     PIE4   0x000f7a       data     extern E:\c18v3.46\pic18-lt\cxx-framework\src\traditional\proc\p18f46k22.asm
                 PIE4bits   0x000f7a       data     extern E:\c18v3.46\pic18-lt\cxx-framework\src\traditional\proc\p18f46k22.asm
                     PIE5   0x000f7d       data     extern E:\c18v3.46\pic18-lt\cxx-framework\src\traditional\proc\p18f46k22.asm
                 PIE5bits   0x000f7d       data     extern E:\c18v3.46\pic18-lt\cxx-framework\src\traditional\proc\p18f46k22.asm
                     PIR1   0x000f9e       data     extern E:\c18v3.46\pic18-lt\cxx-framework\src\traditional\proc\p18f46k22.asm
                 PIR1bits   0x000f9e       data     extern E:\c18v3.46\pic18-lt\cxx-framework\src\traditional\proc\p18f46k22.asm
                     PIR2   0x000fa1       data     extern E:\c18v3.46\pic18-lt\cxx-framework\src\traditional\proc\p18f46k22.asm
                 PIR2bits   0x000fa1       data     extern E:\c18v3.46\pic18-lt\cxx-framework\src\traditional\proc\p18f46k22.asm
                     PIR3   0x000fa4       data     extern E:\c18v3.46\pic18-lt\cxx-framework\src\traditional\proc\p18f46k22.asm
                 PIR3bits   0x000fa4       data     extern E:\c18v3.46\pic18-lt\cxx-framework\src\traditional\proc\p18f46k22.asm
                     PIR4   0x000f7b       data     extern E:\c18v3.46\pic18-lt\cxx-framework\src\traditional\proc\p18f46k22.asm
                 PIR4bits   0x000f7b       data     extern E:\c18v3.46\pic18-lt\cxx-framework\src\traditional\proc\p18f46k22.asm
                     PIR5   0x000f7e       data     extern E:\c18v3.46\pic18-lt\cxx-framework\src\traditional\proc\p18f46k22.asm
                 PIR5bits   0x000f7e       data     extern E:\c18v3.46\pic18-lt\cxx-framework\src\traditional\proc\p18f46k22.asm
                   PLUSW0   0x000feb       data     extern E:\c18v3.46\pic18-lt\cxx-framework\src\traditional\proc\p18f46k22.asm
                   PLUSW1   0x000fe3       data     extern E:\c18v3.46\pic18-lt\cxx-framework\src\traditional\proc\p18f46k22.asm
                   PLUSW2   0x000fdb       data     extern E:\c18v3.46\pic18-lt\cxx-framework\src\traditional\proc\p18f46k22.asm
                     PMD0   0x000f3f       data     extern E:\c18v3.46\pic18-lt\cxx-framework\src\traditional\proc\p18f46k22.asm
                 PMD0bits   0x000f3f       data     extern E:\c18v3.46\pic18-lt\cxx-framework\src\traditional\proc\p18f46k22.asm
                     PMD1   0x000f3e       data     extern E:\c18v3.46\pic18-lt\cxx-framework\src\traditional\proc\p18f46k22.asm
                 PMD1bits   0x000f3e       data     extern E:\c18v3.46\pic18-lt\cxx-framework\src\traditional\proc\p18f46k22.asm
                     PMD2   0x000f3d       data     extern E:\c18v3.46\pic18-lt\cxx-framework\src\traditional\proc\p18f46k22.asm
                 PMD2bits   0x000f3d       data     extern E:\c18v3.46\pic18-lt\cxx-framework\src\traditional\proc\p18f46k22.asm
                    PORTA   0x000f80       data     extern E:\c18v3.46\pic18-lt\cxx-framework\src\traditional\proc\p18f46k22.asm
                PORTAbits   0x000f80       data     extern E:\c18v3.46\pic18-lt\cxx-framework\src\traditional\proc\p18f46k22.asm
                    PORTB   0x000f81       data     extern E:\c18v3.46\pic18-lt\cxx-framework\src\traditional\proc\p18f46k22.asm
                PORTBbits   0x000f81       data     extern E:\c18v3.46\pic18-lt\cxx-framework\src\traditional\proc\p18f46k22.asm
                    PORTC   0x000f82       data     extern E:\c18v3.46\pic18-lt\cxx-framework\src\traditional\proc\p18f46k22.asm
                PORTCbits   0x000f82       data     extern E:\c18v3.46\pic18-lt\cxx-framework\src\traditional\proc\p18f46k22.asm
                    PORTD   0x000f83       data     extern E:\c18v3.46\pic18-lt\cxx-framework\src\traditional\proc\p18f46k22.asm
                PORTDbits   0x000f83       data     extern E:\c18v3.46\pic18-lt\cxx-framework\src\traditional\proc\p18f46k22.asm
                    PORTE   0x000f84       data     extern E:\c18v3.46\pic18-lt\cxx-framework\src\traditional\proc\p18f46k22.asm
                PORTEbits   0x000f84       data     extern E:\c18v3.46\pic18-lt\cxx-framework\src\traditional\proc\p18f46k22.asm
                 POSTDEC0   0x000fed       data     extern E:\c18v3.46\pic18-lt\cxx-framework\src\traditional\proc\p18f46k22.asm
                 POSTDEC1   0x000fe5       data     extern E:\c18v3.46\pic18-lt\cxx-framework\src\traditional\proc\p18f46k22.asm
                 POSTDEC2   0x000fdd       data     extern E:\c18v3.46\pic18-lt\cxx-framework\src\traditional\proc\p18f46k22.asm
                 POSTINC0   0x000fee       data     extern E:\c18v3.46\pic18-lt\cxx-framework\src\traditional\proc\p18f46k22.asm
                 POSTINC1   0x000fe6       data     extern E:\c18v3.46\pic18-lt\cxx-framework\src\traditional\proc\p18f46k22.asm
                 POSTINC2   0x000fde       data     extern E:\c18v3.46\pic18-lt\cxx-framework\src\traditional\proc\p18f46k22.asm
                      PR2   0x000fbb       data     extern E:\c18v3.46\pic18-lt\cxx-framework\src\traditional\proc\p18f46k22.asm
                      PR4   0x000f52       data     extern E:\c18v3.46\pic18-lt\cxx-framework\src\traditional\proc\p18f46k22.asm
                      PR6   0x000f4b       data     extern E:\c18v3.46\pic18-lt\cxx-framework\src\traditional\proc\p18f46k22.asm
                  PREINC0   0x000fec       data     extern E:\c18v3.46\pic18-lt\cxx-framework\src\traditional\proc\p18f46k22.asm
                  PREINC1   0x000fe4       data     extern E:\c18v3.46\pic18-lt\cxx-framework\src\traditional\proc\p18f46k22.asm
                  PREINC2   0x000fdc       data     extern E:\c18v3.46\pic18-lt\cxx-framework\src\traditional\proc\p18f46k22.asm
                     PROD   0x000ff3       data     extern E:\c18v3.46\pic18-lt\cxx-framework\src\traditional\proc\p18f46k22.asm
                    PRODH   0x000ff4       data     extern E:\c18v3.46\pic18-lt\cxx-framework\src\traditional\proc\p18f46k22.asm
                    PRODL   0x000ff3       data     extern E:\c18v3.46\pic18-lt\cxx-framework\src\traditional\proc\p18f46k22.asm
                 PSTR1CON   0x000fb9       data     extern E:\c18v3.46\pic18-lt\cxx-framework\src\traditional\proc\p18f46k22.asm
             PSTR1CONbits   0x000fb9       data     extern E:\c18v3.46\pic18-lt\cxx-framework\src\traditional\proc\p18f46k22.asm
                 PSTR2CON   0x000f63       data     extern E:\c18v3.46\pic18-lt\cxx-framework\src\traditional\proc\p18f46k22.asm
             PSTR2CONbits   0x000f63       data     extern E:\c18v3.46\pic18-lt\cxx-framework\src\traditional\proc\p18f46k22.asm
                 PSTR3CON   0x000f5a       data     extern E:\c18v3.46\pic18-lt\cxx-framework\src\traditional\proc\p18f46k22.asm
             PSTR3CONbits   0x000f5a       data     extern E:\c18v3.46\pic18-lt\cxx-framework\src\traditional\proc\p18f46k22.asm
                  PSTRCON   0x000fb9       data     extern E:\c18v3.46\pic18-lt\cxx-framework\src\traditional\proc\p18f46k22.asm
              PSTRCONbits   0x000fb9       data     extern E:\c18v3.46\pic18-lt\cxx-framework\src\traditional\proc\p18f46k22.asm
                  PWM1CON   0x000fb7       data     extern E:\c18v3.46\pic18-lt\cxx-framework\src\traditional\proc\p18f46k22.asm
              PWM1CONbits   0x000fb7       data     extern E:\c18v3.46\pic18-lt\cxx-framework\src\traditional\proc\p18f46k22.asm
                  PWM2CON   0x000f65       data     extern E:\c18v3.46\pic18-lt\cxx-framework\src\traditional\proc\p18f46k22.asm
              PWM2CONbits   0x000f65       data     extern E:\c18v3.46\pic18-lt\cxx-framework\src\traditional\proc\p18f46k22.asm
                  PWM3CON   0x000f5c       data     extern E:\c18v3.46\pic18-lt\cxx-framework\src\traditional\proc\p18f46k22.asm
              PWM3CONbits   0x000f5c       data     extern E:\c18v3.46\pic18-lt\cxx-framework\src\traditional\proc\p18f46k22.asm
                   PWMCON   0x000fb7       data     extern E:\c18v3.46\pic18-lt\cxx-framework\src\traditional\proc\p18f46k22.asm
               PWMCONbits   0x000fb7       data     extern E:\c18v3.46\pic18-lt\cxx-framework\src\traditional\proc\p18f46k22.asm
                   RC1REG   0x000fae       data     extern E:\c18v3.46\pic18-lt\cxx-framework\src\traditional\proc\p18f46k22.asm
               RC1REGbits   0x000fae       data     extern E:\c18v3.46\pic18-lt\cxx-framework\src\traditional\proc\p18f46k22.asm
                   RC1STA   0x000fab       data     extern E:\c18v3.46\pic18-lt\cxx-framework\src\traditional\proc\p18f46k22.asm
               RC1STAbits   0x000fab       data     extern E:\c18v3.46\pic18-lt\cxx-framework\src\traditional\proc\p18f46k22.asm
                   RC2REG   0x000f74       data     extern E:\c18v3.46\pic18-lt\cxx-framework\src\traditional\proc\p18f46k22.asm
                   RC2STA   0x000f71       data     extern E:\c18v3.46\pic18-lt\cxx-framework\src\traditional\proc\p18f46k22.asm
               RC2STAbits   0x000f71       data     extern E:\c18v3.46\pic18-lt\cxx-framework\src\traditional\proc\p18f46k22.asm
                     RCON   0x000fd0       data     extern E:\c18v3.46\pic18-lt\cxx-framework\src\traditional\proc\p18f46k22.asm
                 RCONbits   0x000fd0       data     extern E:\c18v3.46\pic18-lt\cxx-framework\src\traditional\proc\p18f46k22.asm
                    RCREG   0x000fae       data     extern E:\c18v3.46\pic18-lt\cxx-framework\src\traditional\proc\p18f46k22.asm
                   RCREG1   0x000fae       data     extern E:\c18v3.46\pic18-lt\cxx-framework\src\traditional\proc\p18f46k22.asm
               RCREG1bits   0x000fae       data     extern E:\c18v3.46\pic18-lt\cxx-framework\src\traditional\proc\p18f46k22.asm
                   RCREG2   0x000f74       data     extern E:\c18v3.46\pic18-lt\cxx-framework\src\traditional\proc\p18f46k22.asm
                RCREGbits   0x000fae       data     extern E:\c18v3.46\pic18-lt\cxx-framework\src\traditional\proc\p18f46k22.asm
                    RCSTA   0x000fab       data     extern E:\c18v3.46\pic18-lt\cxx-framework\src\traditional\proc\p18f46k22.asm
                   RCSTA1   0x000fab       data     extern E:\c18v3.46\pic18-lt\cxx-framework\src\traditional\proc\p18f46k22.asm
               RCSTA1bits   0x000fab       data     extern E:\c18v3.46\pic18-lt\cxx-framework\src\traditional\proc\p18f46k22.asm
                   RCSTA2   0x000f71       data     extern E:\c18v3.46\pic18-lt\cxx-framework\src\traditional\proc\p18f46k22.asm
               RCSTA2bits   0x000f71       data     extern E:\c18v3.46\pic18-lt\cxx-framework\src\traditional\proc\p18f46k22.asm
                RCSTAbits   0x000fab       data     extern E:\c18v3.46\pic18-lt\cxx-framework\src\traditional\proc\p18f46k22.asm
             RegistersRTC   0x000f28       data     extern C:\Users\IDEONICS-BNG\Documents\GitHub\DensoSCSkeypad\source\rtc_driver.c
                     SIGN   0x000000       data     extern E:\c18v3.46\pic18-lt\cxx-framework\src\traditional\math\cmath18.asm
                   SLRCON   0x000f60       data     extern E:\c18v3.46\pic18-lt\cxx-framework\src\traditional\proc\p18f46k22.asm
               SLRCONbits   0x000f60       data     extern E:\c18v3.46\pic18-lt\cxx-framework\src\traditional\proc\p18f46k22.asm
                   SP1BRG   0x000faf       data     extern E:\c18v3.46\pic18-lt\cxx-framework\src\traditional\proc\p18f46k22.asm
                  SP1BRGH   0x000fb0       data     extern E:\c18v3.46\pic18-lt\cxx-framework\src\traditional\proc\p18f46k22.asm
              SP1BRGHbits   0x000fb0       data     extern E:\c18v3.46\pic18-lt\cxx-framework\src\traditional\proc\p18f46k22.asm
               SP1BRGbits   0x000faf       data     extern E:\c18v3.46\pic18-lt\cxx-framework\src\traditional\proc\p18f46k22.asm
                   SP2BRG   0x000f75       data     extern E:\c18v3.46\pic18-lt\cxx-framework\src\traditional\proc\p18f46k22.asm
                  SP2BRGH   0x000f76       data     extern E:\c18v3.46\pic18-lt\cxx-framework\src\traditional\proc\p18f46k22.asm
                    SPBRG   0x000faf       data     extern E:\c18v3.46\pic18-lt\cxx-framework\src\traditional\proc\p18f46k22.asm
                   SPBRG1   0x000faf       data     extern E:\c18v3.46\pic18-lt\cxx-framework\src\traditional\proc\p18f46k22.asm
               SPBRG1bits   0x000faf       data     extern E:\c18v3.46\pic18-lt\cxx-framework\src\traditional\proc\p18f46k22.asm
                   SPBRG2   0x000f75       data     extern E:\c18v3.46\pic18-lt\cxx-framework\src\traditional\proc\p18f46k22.asm
                   SPBRGH   0x000fb0       data     extern E:\c18v3.46\pic18-lt\cxx-framework\src\traditional\proc\p18f46k22.asm
                  SPBRGH1   0x000fb0       data     extern E:\c18v3.46\pic18-lt\cxx-framework\src\traditional\proc\p18f46k22.asm
              SPBRGH1bits   0x000fb0       data     extern E:\c18v3.46\pic18-lt\cxx-framework\src\traditional\proc\p18f46k22.asm
                  SPBRGH2   0x000f76       data     extern E:\c18v3.46\pic18-lt\cxx-framework\src\traditional\proc\p18f46k22.asm
               SPBRGHbits   0x000fb0       data     extern E:\c18v3.46\pic18-lt\cxx-framework\src\traditional\proc\p18f46k22.asm
                SPBRGbits   0x000faf       data     extern E:\c18v3.46\pic18-lt\cxx-framework\src\traditional\proc\p18f46k22.asm
                   SRCON0   0x000f47       data     extern E:\c18v3.46\pic18-lt\cxx-framework\src\traditional\proc\p18f46k22.asm
               SRCON0bits   0x000f47       data     extern E:\c18v3.46\pic18-lt\cxx-framework\src\traditional\proc\p18f46k22.asm
                   SRCON1   0x000f46       data     extern E:\c18v3.46\pic18-lt\cxx-framework\src\traditional\proc\p18f46k22.asm
               SRCON1bits   0x000f46       data     extern E:\c18v3.46\pic18-lt\cxx-framework\src\traditional\proc\p18f46k22.asm
[...]
                SPBRGbits   0x000faf       data     extern E:\c18v3.46\pic18-lt\cxx-framework\src\traditional\proc\p18f46k22.asm
               SP1BRGbits   0x000faf       data     extern E:\c18v3.46\pic18-lt\cxx-framework\src\traditional\proc\p18f46k22.asm
               SPBRG1bits   0x000faf       data     extern E:\c18v3.46\pic18-lt\cxx-framework\src\traditional\proc\p18f46k22.asm
                    SPBRG   0x000faf       data     extern E:\c18v3.46\pic18-lt\cxx-framework\src\traditional\proc\p18f46k22.asm
                   SPBRG1   0x000faf       data     extern E:\c18v3.46\pic18-lt\cxx-framework\src\traditional\proc\p18f46k22.asm
               SPBRGHbits   0x000fb0       data     extern E:\c18v3.46\pic18-lt\cxx-framework\src\traditional\proc\p18f46k22.asm
              SPBRGH1bits   0x000fb0       data     extern E:\c18v3.46\pic18-lt\cxx-framework\src\traditional\proc\p18f46k22.asm
                  SPBRGH1   0x000fb0       data     extern E:\c18v3.46\pic18-lt\cxx-framework\src\traditional\proc\p18f46k22.asm
                   SPBRGH   0x000fb0       data     extern E:\c18v3.46\pic18-lt\cxx-framework\src\traditional\proc\p18f46k22.asm
              SP1BRGHbits   0x000fb0       data     extern E:\c18v3.46\pic18-lt\cxx-framework\src\traditional\proc\p18f46k22.asm
                  SP1BRGH   0x000fb0       data     extern E:\c18v3.46\pic18-lt\cxx-framework\src\traditional\proc\p18f46k22.asm
                T3CONbits   0x000fb1       data     extern E:\c18v3.46\pic18-lt\cxx-framework\src\traditional\proc\p18f46k22.asm
                    T3CON   0x000fb1       data     extern E:\c18v3.46\pic18-lt\cxx-framework\src\traditional\proc\p18f46k22.asm
                    TMR3L   0x000fb2       data     extern E:\c18v3.46\pic18-lt\cxx-framework\src\traditional\proc\p18f46k22.asm
                    TMR3H   0x000fb3       data     extern E:\c18v3.46\pic18-lt\cxx-framework\src\traditional\proc\p18f46k22.asm
               T3GCONbits   0x000fb4       data     extern E:\c18v3.46\pic18-lt\cxx-framework\src\traditional\proc\p18f46k22.asm
                   T3GCON   0x000fb4       data     extern E:\c18v3.46\pic18-lt\cxx-framework\src\traditional\proc\p18f46k22.asm
               ECCPASbits   0x000fb6       data     extern E:\c18v3.46\pic18-lt\cxx-framework\src\traditional\proc\p18f46k22.asm
                   ECCPAS   0x000fb6       data     extern E:\c18v3.46\pic18-lt\cxx-framework\src\traditional\proc\p18f46k22.asm
              ECCP1ASbits   0x000fb6       data     extern E:\c18v3.46\pic18-lt\cxx-framework\src\traditional\proc\p18f46k22.asm
                  ECCP1AS   0x000fb6       data     extern E:\c18v3.46\pic18-lt\cxx-framework\src\traditional\proc\p18f46k22.asm
               PWMCONbits   0x000fb7       data     extern E:\c18v3.46\pic18-lt\cxx-framework\src\traditional\proc\p18f46k22.asm
                   PWMCON   0x000fb7       data     extern E:\c18v3.46\pic18-lt\cxx-framework\src\traditional\proc\p18f46k22.asm
              PWM1CONbits   0x000fb7       data     extern E:\c18v3.46\pic18-lt\cxx-framework\src\traditional\proc\p18f46k22.asm
                  PWM1CON   0x000fb7       data     extern E:\c18v3.46\pic18-lt\cxx-framework\src\traditional\proc\p18f46k22.asm
                 BAUD1CON   0x000fb8       data     extern E:\c18v3.46\pic18-lt\cxx-framework\src\traditional\proc\p18f46k22.asm
             BAUD1CONbits   0x000fb8       data     extern E:\c18v3.46\pic18-lt\cxx-framework\src\traditional\proc\p18f46k22.asm
                  BAUDCON   0x000fb8       data     extern E:\c18v3.46\pic18-lt\cxx-framework\src\traditional\proc\p18f46k22.asm
                 BAUDCON1   0x000fb8       data     extern E:\c18v3.46\pic18-lt\cxx-framework\src\traditional\proc\p18f46k22.asm
             BAUDCON1bits   0x000fb8       data     extern E:\c18v3.46\pic18-lt\cxx-framework\src\traditional\proc\p18f46k22.asm
              BAUDCONbits   0x000fb8       data     extern E:\c18v3.46\pic18-lt\cxx-framework\src\traditional\proc\p18f46k22.asm
                  BAUDCTL   0x000fb8       data     extern E:\c18v3.46\pic18-lt\cxx-framework\src\traditional\proc\p18f46k22.asm
              BAUDCTLbits   0x000fb8       data     extern E:\c18v3.46\pic18-lt\cxx-framework\src\traditional\proc\p18f46k22.asm
              PSTRCONbits   0x000fb9       data     extern E:\c18v3.46\pic18-lt\cxx-framework\src\traditional\proc\p18f46k22.asm
                  PSTRCON   0x000fb9       data     extern E:\c18v3.46\pic18-lt\cxx-framework\src\traditional\proc\p18f46k22.asm
             PSTR1CONbits   0x000fb9       data     extern E:\c18v3.46\pic18-lt\cxx-framework\src\traditional\proc\p18f46k22.asm
                 PSTR1CON   0x000fb9       data     extern E:\c18v3.46\pic18-lt\cxx-framework\src\traditional\proc\p18f46k22.asm
                    T2CON   0x000fba       data     extern E:\c18v3.46\pic18-lt\cxx-framework\src\traditional\proc\p18f46k22.asm
                T2CONbits   0x000fba       data     extern E:\c18v3.46\pic18-lt\cxx-framework\src\traditional\proc\p18f46k22.asm
                      PR2   0x000fbb       data     extern E:\c18v3.46\pic18-lt\cxx-framework\src\traditional\proc\p18f46k22.asm
                     TMR2   0x000fbc       data     extern E:\c18v3.46\pic18-lt\cxx-framework\src\traditional\proc\p18f46k22.asm
                  CCP1CON   0x000fbd       data     extern E:\c18v3.46\pic18-lt\cxx-framework\src\traditional\proc\p18f46k22.asm
              CCP1CONbits   0x000fbd       data     extern E:\c18v3.46\pic18-lt\cxx-framework\src\traditional\proc\p18f46k22.asm
                    CCPR1   0x000fbe       data     extern E:\c18v3.46\pic18-lt\cxx-framework\src\traditional\proc\p18f46k22.asm
                   CCPR1L   0x000fbe       data     extern E:\c18v3.46\pic18-lt\cxx-framework\src\traditional\proc\p18f46k22.asm
                   CCPR1H   0x000fbf       data     extern E:\c18v3.46\pic18-lt\cxx-framework\src\traditional\proc\p18f46k22.asm
               ADCON2bits   0x000fc0       data     extern E:\c18v3.46\pic18-lt\cxx-framework\src\traditional\proc\p18f46k22.asm
                   ADCON2   0x000fc0       data     extern E:\c18v3.46\pic18-lt\cxx-framework\src\traditional\proc\p18f46k22.asm
               ADCON1bits   0x000fc1       data     extern E:\c18v3.46\pic18-lt\cxx-framework\src\traditional\proc\p18f46k22.asm
                   ADCON1   0x000fc1       data     extern E:\c18v3.46\pic18-lt\cxx-framework\src\traditional\proc\p18f46k22.asm
               ADCON0bits   0x000fc2       data     extern E:\c18v3.46\pic18-lt\cxx-framework\src\traditional\proc\p18f46k22.asm
                   ADCON0   0x000fc2       data     extern E:\c18v3.46\pic18-lt\cxx-framework\src\traditional\proc\p18f46k22.asm
                   ADRESL   0x000fc3       data     extern E:\c18v3.46\pic18-lt\cxx-framework\src\traditional\proc\p18f46k22.asm
                    ADRES   0x000fc3       data     extern E:\c18v3.46\pic18-lt\cxx-framework\src\traditional\proc\p18f46k22.asm
                   ADRESH   0x000fc4       data     extern E:\c18v3.46\pic18-lt\cxx-framework\src\traditional\proc\p18f46k22.asm
              SSPCON2bits   0x000fc5       data     extern E:\c18v3.46\pic18-lt\cxx-framework\src\traditional\proc\p18f46k22.asm
                  SSPCON2   0x000fc5       data     extern E:\c18v3.46\pic18-lt\cxx-framework\src\traditional\proc\p18f46k22.asm
                 SSP1CON2   0x000fc5       data     extern E:\c18v3.46\pic18-lt\cxx-framework\src\traditional\proc\p18f46k22.asm
             SSP1CON2bits   0x000fc5       data     extern E:\c18v3.46\pic18-lt\cxx-framework\src\traditional\proc\p18f46k22.asm
                 SSP1CON1   0x000fc6       data     extern E:\c18v3.46\pic18-lt\cxx-framework\src\traditional\proc\p18f46k22.asm
             SSP1CON1bits   0x000fc6       data     extern E:\c18v3.46\pic18-lt\cxx-framework\src\traditional\proc\p18f46k22.asm
              SSPCON1bits   0x000fc6       data     extern E:\c18v3.46\pic18-lt\cxx-framework\src\traditional\proc\p18f46k22.asm
                  SSPCON1   0x000fc6       data     extern E:\c18v3.46\pic18-lt\cxx-framework\src\traditional\proc\p18f46k22.asm
             SSP1STATbits   0x000fc7       data     extern E:\c18v3.46\pic18-lt\cxx-framework\src\traditional\proc\p18f46k22.asm
                 SSP1STAT   0x000fc7       data     extern E:\c18v3.46\pic18-lt\cxx-framework\src\traditional\proc\p18f46k22.asm
                  SSPSTAT   0x000fc7       data     extern E:\c18v3.46\pic18-lt\cxx-framework\src\traditional\proc\p18f46k22.asm
              SSPSTATbits   0x000fc7       data     extern E:\c18v3.46\pic18-lt\cxx-framework\src\traditional\proc\p18f46k22.asm
                  SSP1ADD   0x000fc8       data     extern E:\c18v3.46\pic18-lt\cxx-framework\src\traditional\proc\p18f46k22.asm
              SSP1ADDbits   0x000fc8       data     extern E:\c18v3.46\pic18-lt\cxx-framework\src\traditional\proc\p18f46k22.asm
               SSPADDbits   0x000fc8       data     extern E:\c18v3.46\pic18-lt\cxx-framework\src\traditional\proc\p18f46k22.asm
                   SSPADD   0x000fc8       data     extern E:\c18v3.46\pic18-lt\cxx-framework\src\traditional\proc\p18f46k22.asm
                   SSPBUF   0x000fc9       data     extern E:\c18v3.46\pic18-lt\cxx-framework\src\traditional\proc\p18f46k22.asm
               SSPBUFbits   0x000fc9       data     extern E:\c18v3.46\pic18-lt\cxx-framework\src\traditional\proc\p18f46k22.asm
              SSP1BUFbits   0x000fc9       data     extern E:\c18v3.46\pic18-lt\cxx-framework\src\traditional\proc\p18f46k22.asm
                  SSP1BUF   0x000fc9       data     extern E:\c18v3.46\pic18-lt\cxx-framework\src\traditional\proc\p18f46k22.asm
                  SSP1MSK   0x000fca       data     extern E:\c18v3.46\pic18-lt\cxx-framework\src\traditional\proc\p18f46k22.asm
              SSP1MSKbits   0x000fca       data     extern E:\c18v3.46\pic18-lt\cxx-framework\src\traditional\proc\p18f46k22.asm
               SSPMSKbits   0x000fca       data     extern E:\c18v3.46\pic18-lt\cxx-framework\src\traditional\proc\p18f46k22.asm
                   SSPMSK   0x000fca       data     extern E:\c18v3.46\pic18-lt\cxx-framework\src\traditional\proc\p18f46k22.asm
                  SSPCON3   0x000fcb       data     extern E:\c18v3.46\pic18-lt\cxx-framework\src\traditional\proc\p18f46k22.asm
              SSPCON3bits   0x000fcb       data     extern E:\c18v3.46\pic18-lt\cxx-framework\src\traditional\proc\p18f46k22.asm
                 SSP1CON3   0x000fcb       data     extern E:\c18v3.46\pic18-lt\cxx-framework\src\traditional\proc\p18f46k22.asm
             SSP1CON3bits   0x000fcb       data     extern E:\c18v3.46\pic18-lt\cxx-framework\src\traditional\proc\p18f46k22.asm
               T1GCONbits   0x000fcc       data     extern E:\c18v3.46\pic18-lt\cxx-framework\src\traditional\proc\p18f46k22.asm
                   T1GCON   0x000fcc       data     extern E:\c18v3.46\pic18-lt\cxx-framework\src\traditional\proc\p18f46k22.asm
                T1CONbits   0x000fcd       data     extern E:\c18v3.46\pic18-lt\cxx-framework\src\traditional\proc\p18f46k22.asm
                    T1CON   0x000fcd       data     extern E:\c18v3.46\pic18-lt\cxx-framework\src\traditional\proc\p18f46k22.asm
                    TMR1L   0x000fce       data     extern E:\c18v3.46\pic18-lt\cxx-framework\src\traditional\proc\p18f46k22.asm
                    TMR1H   0x000fcf       data     extern E:\c18v3.46\pic18-lt\cxx-framework\src\traditional\proc\p18f46k22.asm
                     RCON   0x000fd0       data     extern E:\c18v3.46\pic18-lt\cxx-framework\src\traditional\proc\p18f46k22.asm
                 RCONbits   0x000fd0       data     extern E:\c18v3.46\pic18-lt\cxx-framework\src\traditional\proc\p18f46k22.asm
               WDTCONbits   0x000fd1       data     extern E:\c18v3.46\pic18-lt\cxx-framework\src\traditional\proc\p18f46k22.asm
                   WDTCON   0x000fd1       data     extern E:\c18v3.46\pic18-lt\cxx-framework\src\traditional\proc\p18f46k22.asm
                  OSCCON2   0x000fd2       data     extern E:\c18v3.46\pic18-lt\cxx-framework\src\traditional\proc\p18f46k22.asm
              OSCCON2bits   0x000fd2       data     extern E:\c18v3.46\pic18-lt\cxx-framework\src\traditional\proc\p18f46k22.asm
                   OSCCON   0x000fd3       data     extern E:\c18v3.46\pic18-lt\cxx-framework\src\traditional\proc\p18f46k22.asm
               OSCCONbits   0x000fd3       data     extern E:\c18v3.46\pic18-lt\cxx-framework\src\traditional\proc\p18f46k22.asm
                T0CONbits   0x000fd5       data     extern E:\c18v3.46\pic18-lt\cxx-framework\src\traditional\proc\p18f46k22.asm
                    T0CON   0x000fd5       data     extern E:\c18v3.46\pic18-lt\cxx-framework\src\traditional\proc\p18f46k22.asm
                    TMR0L   0x000fd6       data     extern E:\c18v3.46\pic18-lt\cxx-framework\src\traditional\proc\p18f46k22.asm
                    TMR0H   0x000fd7       data     extern E:\c18v3.46\pic18-lt\cxx-framework\src\traditional\proc\p18f46k22.asm
                   STATUS   0x000fd8       data     extern E:\c18v3.46\pic18-lt\cxx-framework\src\traditional\proc\p18f46k22.asm
               STATUSbits   0x000fd8       data     extern E:\c18v3.46\pic18-lt\cxx-framework\src\traditional\proc\p18f46k22.asm
                     FSR2   0x000fd9       data     extern E:\c18v3.46\pic18-lt\cxx-framework\src\traditional\proc\p18f46k22.asm
                    FSR2L   0x000fd9       data     extern E:\c18v3.46\pic18-lt\cxx-framework\src\traditional\proc\p18f46k22.asm
                    FSR2H   0x000fda       data     extern E:\c18v3.46\pic18-lt\cxx-framework\src\traditional\proc\p18f46k22.asm
                   PLUSW2   0x000fdb       data     extern E:\c18v3.46\pic18-lt\cxx-framework\src\traditional\proc\p18f46k22.asm
                  PREINC2   0x000fdc       data     extern E:\c18v3.46\pic18-lt\cxx-framework\src\traditional\proc\p18f46k22.asm
                 POSTDEC2   0x000fdd       data     extern E:\c18v3.46\pic18-lt\cxx-framework\src\traditional\proc\p18f46k22.asm
                 POSTINC2   0x000fde       data     extern E:\c18v3.46\pic18-lt\cxx-framework\src\traditional\proc\p18f46k22.asm
                    INDF2   0x000fdf       data     extern E:\c18v3.46\pic18-lt\cxx-framework\src\traditional\proc\p18f46k22.asm
                      BSR   0x000fe0       data     extern E:\c18v3.46\pic18-lt\cxx-framework\src\traditional\proc\p18f46k22.asm
                     FSR1   0x000fe1       data     extern E:\c18v3.46\pic18-lt\cxx-framework\src\traditional\proc\p18f46k22.asm
                    FSR1L   0x000fe1       data     extern E:\c18v3.46\pic18-lt\cxx-framework\src\traditional\proc\p18f46k22.asm
                    FSR1H   0x000fe2       data     extern E:\c18v3.46\pic18-lt\cxx-framework\src\traditional\proc\p18f46k22.asm
                   PLUSW1   0x000fe3       data     extern E:\c18v3.46\pic18-lt\cxx-framework\src\traditional\proc\p18f46k22.asm
                  PREINC1   0x000fe4       data     extern E:\c18v3.46\pic18-lt\cxx-framework\src\traditional\proc\p18f46k22.asm
                 POSTDEC1   0x000fe5       data     extern E:\c18v3.46\pic18-lt\cxx-framework\src\traditional\proc\p18f46k22.asm
                 POSTINC1   0x000fe6       data     extern E:\c18v3.46\pic18-lt\cxx-framework\src\traditional\proc\p18f46k22.asm
                    INDF1   0x000fe7       data     extern E:\c18v3.46\pic18-lt\cxx-framework\src\traditional\proc\p18f46k22.asm
                        W   0x000fe8       data     extern E:\c18v3.46\pic18-lt\cxx-framework\src\traditional\proc\p18f46k22.asm
                     WREG   0x000fe8       data     extern E:\c18v3.46\pic18-lt\cxx-framework\src\traditional\proc\p18f46k22.asm
                    FSR0L   0x000fe9       data     extern E:\c18v3.46\pic18-lt\cxx-framework\src\traditional\proc\p18f46k22.asm
                     FSR0   0x000fe9       data     extern E:\c18v3.46\pic18-lt\cxx-framework\src\traditional\proc\p18f46k22.asm
                    FSR0H   0x000fea       data     extern E:\c18v3.46\pic18-lt\cxx-framework\src\traditional\proc\p18f46k22.asm
                   PLUSW0   0x000feb       data     extern E:\c18v3.46\pic18-lt\cxx-framework\src\traditional\proc\p18f46k22.asm
                  PREINC0   0x000fec       data     extern E:\c18v3.46\pic18-lt\cxx-framework\src\traditional\proc\p18f46k22.asm
                 POSTDEC0   0x000fed       data     extern E:\c18v3.46\pic18-lt\cxx-framework\src\traditional\proc\p18f46k22.asm
                 POSTINC0   0x000fee       data     extern E:\c18v3.46\pic18-lt\cxx-framework\src\traditional\proc\p18f46k22.asm
                    INDF0   0x000fef       data     extern E:\c18v3.46\pic18-lt\cxx-framework\src\traditional\proc\p18f46k22.asm
                  INTCON3   0x000ff0       data     extern E:\c18v3.46\pic18-lt\cxx-framework\src\traditional\proc\p18f46k22.asm
              INTCON3bits   0x000ff0       data     extern E:\c18v3.46\pic18-lt\cxx-framework\src\traditional\proc\p18f46k22.asm
              INTCON2bits   0x000ff1       data     extern E:\c18v3.46\pic18-lt\cxx-framework\src\traditional\proc\p18f46k22.asm
                  INTCON2   0x000ff1       data     extern E:\c18v3.46\pic18-lt\cxx-framework\src\traditional\proc\p18f46k22.asm
                   INTCON   0x000ff2       data     extern E:\c18v3.46\pic18-lt\cxx-framework\src\traditional\proc\p18f46k22.asm
               INTCONbits   0x000ff2       data     extern E:\c18v3.46\pic18-lt\cxx-framework\src\traditional\proc\p18f46k22.asm
                     PROD   0x000ff3       data     extern E:\c18v3.46\pic18-lt\cxx-framework\src\traditional\proc\p18f46k22.asm
                    PRODL   0x000ff3       data     extern E:\c18v3.46\pic18-lt\cxx-framework\src\traditional\proc\p18f46k22.asm
                    PRODH   0x000ff4       data     extern E:\c18v3.46\pic18-lt\cxx-framework\src\traditional\proc\p18f46k22.asm
                   TABLAT   0x000ff5       data     extern E:\c18v3.46\pic18-lt\cxx-framework\src\traditional\proc\p18f46k22.asm
                  TBLPTRL   0x000ff6       data     extern E:\c18v3.46\pic18-lt\cxx-framework\src\traditional\proc\p18f46k22.asm
                   TBLPTR   0x000ff6       data     extern E:\c18v3.46\pic18-lt\cxx-framework\src\traditional\proc\p18f46k22.asm
                  TBLPTRH   0x000ff7       data     extern E:\c18v3.46\pic18-lt\cxx-framework\src\traditional\proc\p18f46k22.asm
                  TBLPTRU   0x000ff8       data     extern E:\c18v3.46\pic18-lt\cxx-framework\src\traditional\proc\p18f46k22.asm
              TBLPTRUbits   0x000ff8       data     extern E:\c18v3.46\pic18-lt\cxx-framework\src\traditional\proc\p18f46k22.asm
                       PC   0x000ff9       data     extern E:\c18v3.46\pic18-lt\cxx-framework\src\traditional\proc\p18f46k22.asm
                      PCL   0x000ff9       data     extern E:\c18v3.46\pic18-lt\cxx-framework\src\traditional\proc\p18f46k22.asm
                   PCLATH   0x000ffa       data     extern E:\c18v3.46\pic18-lt\cxx-framework\src\traditional\proc\p18f46k22.asm
                   PCLATU   0x000ffb       data     extern E:\c18v3.46\pic18-lt\cxx-framework\src\traditional\proc\p18f46k22.asm
               STKPTRbits   0x000ffc       data     extern E:\c18v3.46\pic18-lt\cxx-framework\src\traditional\proc\p18f46k22.asm
                   STKPTR   0x000ffc       data     extern E:\c18v3.46\pic18-lt\cxx-framework\src\traditional\proc\p18f46k22.asm
                      TOS   0x000ffd       data     extern E:\c18v3.46\pic18-lt\cxx-framework\src\traditional\proc\p18f46k22.asm
                     TOSL   0x000ffd       data     extern E:\c18v3.46\pic18-lt\cxx-framework\src\traditional\proc\p18f46k22.asm
                     TOSH   0x000ffe       data     extern E:\c18v3.46\pic18-lt\cxx-framework\src\traditional\proc\p18f46k22.asm
                     TOSU   0x000fff       data     extern E:\c18v3.46\pic18-lt\cxx-framework\src\traditional\proc\p18f46k22.asm


